[  00000] italizing cgroup subsys cpuset
[    0.000000] Initializing cgroup subsys cpu
[    0.000000] Initializing cgroup subsys cpuacct
[    0.000000] Linux version 4.4.0-197-generic (buildd@lcy01-amd64-026) (gcc version 5.4.0 20160609 (Ubuntu 5.4.0-6ubuntu1~16.04.12) ) #229-Ubuntu SMP Wed Nov 25 11:05:42 UTC 2020 (Ubuntu 4.4.0-197.229-generic 4.4.241)
[    0.000000] Command line: BOOT_IMAGE=/boot/vmlinuz-4.4.0-197-generic root=LABEL=cloudimg-rootfs ro console=tty1 console=ttyS0
[    0.000000] KERNEL supported cpus:
[    0.000000]   Intel GenuineIntel
[    0.000000]   AMD AuthenticAMD
[    0.000000]   Centaur CentaurHauls
[    0.000000] x86/fpu: xstate_offset[2]:  576, xstate_sizes[2]:  256
[    0.000000] x86/fpu: Supporting XSAVE feature 0x01: 'x87 floating point registers'
[    0.000000] x86/fpu: Supporting XSAVE feature 0x02: 'SSE registers'
[    0.000000] x86/fpu: Supporting XSAVE feature 0x04: 'AVX registers'
[    0.000000] x86/fpu: Enabled xstate features 0x7, context size is 832 bytes, using 'standard' format.
[    0.000000] e820: BIOS-provided physical RAM map:
[    0.000000] BIOS-e820: [mem 0x0000000000000000-0x000000000009fbff] usable
[    0.000000] BIOS-e820: [mem 0x000000000009fc00-0x000000000009ff] eserved
[    0.000000] BIOS-e820: [mem 0x00000000000f0000-0x00000000000fffff] reserved
[    0.000000] BOS-e820: [mem 0x000000000010000-0x000000003ffeffff] usable
[    0.000000] BIOS-e820: [mem 0x000000003fff0000-0x000000003fffffff] ACPI data
[    0.000000] BIOS-e820: [mem 0x00000000fec00000-0x00000000fec00fff] reserved
[    0.000000] BIOS-e820: [mem 0x00000000fee00000-0x00000000fee00fff] reserved
[    0.000000] BIOS-e820: [mem 0x00000000fffc0000-0x00000000ffffffff] reserved
[    0.000000] NX (Execute Disable) protection: active
[    0.000000] SMBIOS 2.5 present.
[    0.000000] Hypervisor detected: KVM
[    0.000000] e820: last_pfn = 0x3fff0 max_arch_pfn = 0x400000000
[    0.000000] MTRR: Disabled
[    0.000000] x86/PAT: MTRRs disabled, skipping PAT initialization too.
[    0.000000] CPU MTRRs all blank - virtualized system.
[    0.000000] x86/PAT: Configuration [0-7]: WB  WT  UC- UC  WB  WT  UC- UC  
[    0.000000] found SMP MP-table at [mem 0x0009fff0-0x0009ffff] mapped at [ffff88000009fff0]
[    0.000000] Scanning 1 areas fr low memory corruption
[    0.000000] RAMDISK: [mem 0x362de000-x371ff
[    0.00000] PIEaly tablchksum verification disabled
[    0.000000] ACPI: RSDP 0x00000000000E0000 000024 (v02 VBOX  )
[    0.000000] ACPI: XSDT 0x000000003FFF0030 00003C (v01 VBOX   VBOXXSDT 00000001 ASL  00000061)
[    0.000000] ACPI: FACP 0x000000003FFF00F0 0000F4 (v04 VBOX   VBOXFACP 00000001 ASL  00000061)
[    0.000000] ACPI: DSDT 0x000000003FFF0470 0021FF (v02 VBOX   VBOXBIOS 00000002 INTL 20180105)
[    0.000000] ACPI: FACS 0x000000003FFF0200 000040
[    0.000000] ACPI: FACS 0x000000003FFF0200 000040
[    0.000000] ACPI: APIC 0x000000003FFF0240 00005C (v02 VBOX   VBOXAPIC 00000001 ASL  00000061)
[    0.000000] ACPI: SSDT 0x000000003FFF02A0 0001CC (v01 VBOX   VBOXCPUT 00000002 INTL 20180105)
[    0.000000] No NUMA configuration found
[    0.000000] Faking a node at [mem 0x0000000000000000-0x000000003ffeffff]
[    0.000000] NODE_DATA(0) allocated [mem 0x3ffeb000-03ffeff
[  .000] kvclk:Usg rs4b5601nd4b564d00
[  000000kvcloc c 0 msr:3fe3001, primary cpu clock
[    0.000000] kvm-clock: using sched offset of 3037939423 cycles
[    0.000000] clocksource: kvm-clock: mask: 0xffffffffffffffff max_cycles: 0x1cd42e4dffb, max_idle_ns: 881590591483 ns
[    0.000000] Zone ranges:
[    0.0000] DA    [m x000000001000-x0000000ffff][   .000000]   DMA32    [mem 0x0000000001000000-0x000000003ffeffff]
[    0.000000]   Normal   empty
[    0.000000]   Device   empty
[    0.000000] Movable zone start for each node
[    0.000000] Early memory node ranges
[    0.000000]   node   0: [mem 0x0000000000001000-0x000000000009efff]
[    0.000000]   node   0: [mem 0x0000000000100000-0x000000003ffeffff]
[    0.000000] Initmem setup node 0 [mem 0x0000000000001000-0x000000003ffeffff]
[    0.000000] ACPI: PM-Timer IO Port: 0x4008
[    0.000000] IOAPIC[0]: apic_id 2, version 32, address 0xfec00000, GSI 0-23
[    0.000000] ACPI: INT_SRC_OVR (bus 0 bus_irq 0 global_irq 2 dfl dfl)
[    0.000000] ACPI: INT_SRC_OVR (bus 0 bus_irq 9 global_irq 9 low level)
[    0.000000] Using ACPI (MADT) for SMP cofiuration informatio
[    0.000000] smpboot: Allowing 2 CPUs, 0 hotplug CPUs
[    0.000000] PM: Registered nosave memory: [mem 0x0000000x000ff
  0.000] P Risered nosave memory: [mem 0x0009f000-0x0009ffff]
[    0.000000] PM: Registered nosave memory: [mem 0x000a0000-0x000efffff
  .000000] M:egsteredose memory: [mem 0x000f0000-0x000fffff]
[    0.000000] e820: [mem 0x40000000-0xfebfffff] available for PCI devices
[    0.000000] Booting paravirtualized kernel on KVM
[    0.000000] clocksource: refined-jiffies: mask: 0xffffffff max_cycles: 0xffffffff, max_idle_ns: 7645519600211568 ns
[    0.000000] setup_percpu: NR_CPUS:512 nr_cpumask_bits:512 nr_cpu_ids:2 nr_node_ids:1
[    0.000000] PERCPU: Embedded 33 pages/cpu @ffff88003fc00000 s95512 r8192 d31464 u1048576
[    0.000000] Built 1 zonelists in Node order, mobility grouping on.  Total pages: 257912
[    0.000000] Policy zone: DMA32
[    0.000000] Kernel command line: BOOT_IMAGE=/boot/vmlinuz-4.4.0-197-generic root=LABEL=cloudimg-rootfs ro console=tty1 console=ttyS0
[    0.000000] PID hash table entries: 4096 (order: 3, 32768 bytes)
[    0.000000] Memory: 997652K/1048120K available (8637K kernel code, 1347K rwdata, 4032K rodata, 1492K init, 1296K bss, 50468K reserved, 0K cma-reserved)
[    0.000000] SLUB: HWalign=64, Order=0-3, MinObjects=0, CPUs=2, Nodes=1
[    0.000000] Kernel/User page tables isolation: enabled
[    0.000000] Hierarchical RCU implementation.
[    0.000000] 	Build-time adjustment of leaf fanout to 64.
[    0.000000] 	RCU restricting CPUs from NR_CPUS=512 to nr_cpu_ids=2.
[    0.000000] RCU: Adjusting geometry for rcu_fanout_leaf=64, nr_cpu_ids=2
[    0.000000] NR_IRQS:33024 nr_irqs:440 16
[    0.000000] Console: colour VGA+ 80x25
[    0.000000] console [tty1] enabled
[    0.000000] console [ttyS0] enabled
[    0.000000] tsc: Detected 1497.600 MHz processor
[    1.709853] Calibrating delay loop (skipped) preset value.. 2995.20 BogoMIPS (lpj=5990400)
[    1.711125] pid_max: default: 32768 minimum: 301
[    1.711805] ACPI: Core revision 20150930
[    1.713127] ACPI: 2 ACPI AML tables successfully acquired and loaded
[    1.715297] Security Framework initialized
[    1.717510] Yama: becoming mindful.
[    1.718083] AppArmor: AppArmor initialized
[    1.718758] Dentry cache hash table entries: 131072 (order: 8, 1048576 bytes)
[    1.720521] Inode-cache hash table entries: 65536 (order: 7, 524288 bytes)
[    1.721580] Mount-cache hash table entries: 2048 (order: 2, 16384 bytes)
[    1.722464] Mountpoint-cache hash table entries: 2048 (order: 2, 16384 bytes)
[    1.724678] Initializing cgroup subsys io
[    1.725303] Initializing cgroup subsys memory
[    1.727901] Initializing cgroup subsys devices
[    1.728557] Initializing cgroup subsys freezer
[    1.729218] Initializing cgroup subsys net_cls
[    1.729879] Initializing cgroup subsys perf_event
[    1.730568] Initializing cgroup subsys net_prio
[    1.732349] Initializing cgroup subsys hugetlb
[    1.735912] Initializing cgroup subsys pids
[    1.740167] mce: CPU supports 0 MCE banks
[    1.746061] Last level iTLB entries: 4KB 0, 2MB 0, 4MB 0
[    1.746845] Last level dTLB entries: 4KB 0, 2MB 0, 4MB 0, 1GB 0
[    1.747674] Spectre V1 : Mitigation: usercopy/swapgs barriers and __user pointer sanitization
[    1.785927] Spectre V2 : Mitigation: Full generic retpoline
[    1.865433] Spectre V2 : Spectre v2 / SpectreRSB mitigation: Filling RSB on context switch
[    1.872002] Speculative Store Bypass: Vulnerable
[    1.872768] MDS: Mitigation: Clear CPU buffers
[    1.875247] Freeing SMP alternatives memory: 36K
[    1.909731] ftrace: allocating 32346 entries in 127 pages
[    1.965018] smpboot: APIC(0) Converting physical 0 to logical package 0
[    1.992213] smpboot: Max logical packages: 1
[    1.993073] x2apic enabled
[    1.993747] Switched APIC routing to physical x2apic.
[    1.995362] ..TIMER: vector=0x30 apic1=0 pin1=2 apic2=-1 pin2=-1
[    2.110586] smpboot: CPU0: Intel(R) Core(TM) i7-1065G7 CPU @ 1.30GHz (family: 0x6, model: 0x7e, stepping: 0x5)
[    2.181913] Performance Events: unsupported p6 CPU model 126 no PMU driver, software events only.
[    2.191938] KVM setup paravirtual spinlock
[    2.234046] x86: Booting SMP configuration:
[    2.298658] .... node  #0, CPUs:      #1
[    2.299383] kvm-clock: cpu 1, msr 0:3ffe3041, secondary cpu clock
[    2.304996] mce: CPU supports 0 MCE banks
[    2.313908] x86: Booted up 1 node, 2 CPUs
[    2.314783] smpboot: Total of 2 processors activated (5990.40 BogoMIPS)
[    2.316146] devtmpfs: initialized
[    2.317919] evm: security.selinux
[    2.329156] evm: security.SMACK64
[    2.329792] evm: security.SMACK64EXEC
[    2.330444] evm: security.SMACK64TRANSMUTE
[    2.331101] evm: security.SMACK64MMAP
[    2.331707] evm: security.ima
[    2.332218] evm: security.capability
[    2.333005] clocksource: jiffies: mask: 0xffffffff max_cycles: 0xffffffff, max_idle_ns: 7645041785100000 ns
[    2.334399] futex hash table entries: 512 (order: 3, 32768 bytes)
[    2.340697] pinctrl core: initialized pinctrl subsystem
[    2.341575] RTC time:  7:27:23, date: 12/31/20
[    2.342422] NET: Registered protocol family 16
[    2.352535] cpuidle: using governor ladder
[    2.364787] cpuidle: using governor menu
[    2.365463] PCCT header not found.
[    2.367598] ACPI: bus type PCI registered
[    2.368212] acpiphp: ACPI Hot Plug PCI Controller Driver version: 0.5
[    2.369196] PCI: Using configuration type 1 for base access
[    2.380890] ACPI: Added _OSI(Module Device)
[    2.381608] ACPI: Added _OSI(Processor Device)
[    2.382334] ACPI: Added _OSI(3.0 _SCP Extensions)
[    2.383096] ACPI: Added _OSI(Processor Aggregator Device)
[    2.384509] ACPI: Executed 1 blocks of module-level executable AML code
[    2.387334] ACPI: Interpreter enabled
[    2.387983] ACPI: (supports S0 S5)
[    2.388592] ACPI: Using IOAPIC for interrupt routing
[    2.389530] PCI: Using host bridge windows from ACPI; if necessary, use "pci=nocrs" and report a bug
[    2.393692] ACPI: PCI Root Bridge [PCI0] (domain 0000 [bus 00-ff])
[    2.394644] acpi PNP0A03:00: _OSC: OS supports [ASPM ClockPM Segments MSI]
[    2.395667] acpi PNP0A03:00: _OSC: not requesting OS control; OS requires [ExtendedConfig ASPM ClockPM MSI]
[    2.397190] acpi PNP0A03:00: fail to add MMCONFIG information, can't access extended PCI configuration space under this bridge.
[    2.399098] PCI host bridge to bus 0000:00
[    2.399799] pci_bus 0000:00: root bus resource [io  0x0000-0x0cf7 window]
[    2.400830] pci_bus 0000:00: root bus resource [io  0x0d00-0xffff window]
[    2.401839] pci_bus 0000:00: root bus resource [mem 0x000a0000-0x000bffff window]
[    2.403083] pci_bus 0000:00: root bus resource [mem 0x40000000-0xfdffffff window]
[    2.404327] pci_bus 0000:00: root bus resource [bus 00-ff]
[    2.406424] pci 0000:00:01.1: legacy IDE quirk: reg 0x10: [io  0x01f0-0x01f7]
[    2.407567] pci 0000:00:01.1: legacy IDE quirk: reg 0x14: [io  0x03f6]
[    2.436947] pci 0000:00:01.1: legacy IDE quirk: reg 0x18: [io  0x0170-0x0177]
[    2.481068] pci 0000:00:01.1: legacy IDE quirk: reg 0x1c: [io  0x0376]
[    2.498642] pci 0000:00:07.0: quirk: [io  0x4000-0x403f] claimed by PIIX4 ACPI
[    2.526237] pci 0000:00:07.0: quirk: [io  0x4100-0x410f] claimed by PIIX4 SMB
[    2.532837] ACPI: PCI Interrupt Link [LNKA] (IRQs 5 9 10 *11)
[    2.534267] ACPI: PCI Interrupt Link [LNKB] (IRQs 5 9 *10 11)
[    2.535405] ACPI: PCI Interrupt Link [LNKC] (IRQs 5 *9 10 11)
[    2.536561] ACPI: PCI Interrupt Link [LNKD] (IRQs 5 9 10 *11)
[    2.537782] ACPI: Enabled 2 GPEs in block 00 to 07
[    2.538811] vgaarb: setting as boot device: PCI:0000:00:02.0
[    2.539596] vgaarb: device added: PCI:0000:00:02.0,decodes=io+mem,owns=io+mem,locks=none
[    2.546044] vgaarb: loaded
[    2.546535] vgaarb: bridge control possible 0000:00:02.0
[    2.547501] SCSI subsystem initialized
[    2.548195] ACPI: bus type USB registered
[    2.548833] usbcore: registered new interface driver usbfs
[    2.549608] usbcore: registered new interface driver hub
[    2.558491] usbcore: registered new device driver usb
[    2.559411] PCI: Using ACPI for IRQ routing
[    2.560311] NetLabel: Initializing
[    2.560882] NetLabel:  domain hash size = 128
[    2.561543] NetLabel:  protocols = UNLABELED CIPSOv4
[    2.562834] NetLabel:  unlabeled traffic allowed by default
[    2.570237] amd_nb: Cannot enumerate AMD northbridges
[    2.571008] clocksource: Switched to clocksource kvm-clock
[    2.577299] AppArmor: AppArmor Filesystem Enabled
[    2.590390] pnp: PnP ACPI init
[    2.591521] pnp: PnP ACPI: found 3 devices
[    2.599559] clocksource: acpi_pm: mask: 0xffffff max_cycles: 0xffffff, max_idle_ns: 2085701024 ns
[    2.601055] NET: Registered protocol family 2
[    2.601869] TCP established hash table entries: 8192 (order: 4, 65536 bytes)
[    2.602820] TCP bind hash table entries: 8192 (order: 5, 131072 bytes)
[    2.610420] TCP: Hash tables configured (established 8192 bind 8192)
[   6179UDha tlenties: 512 (order: 2, 16384 bytes)
[    2.953168] UDP-Lite hash table entries: 512 (order: 2, 16384 bytes)
[   9585NE Risreproc fily 1
[    3.389359] pci 0000:00:00.0: Limiting direct PCI/PCI transfers
[    3.390291] pci 0000:00:01.0: Activating ISA DMA hang workarounds
[    3.391434] Unpacking initramfs...

[    3.570152] Freeing initrd memory: 14884K
[    3.581620] clocksource: tsc: mask: 0xffffffffffffffff max_cycles: 0x159647815e3, max_idle_ns: 440795269835 ns
[    3.583053] platform rtc_cmos: registered platform RTC device (no PNP device found)
[    3.584219] Scanning for low memory corruption every 60 seconds
[    3.585421] audit: initializing netlink subsys (disabled)
[    3.586191] audit: type=2000 audit(1609399646.695:1): initialized
[    3.590506] Initialise system trusted keyring
[    3.591322] HugeTLB registered 2 MB page size, pre-allocated 0 pages
[    3.593143] zbud: loaded
[    3.595902] VFS: Disk quotas dquot_6.6.0
[    3.599822] VFS: Dquot-cache hash table entries: 512 (order 0, 4096 bytes)
[    3.600915] squashfs: version 4.0 (2009/01/31) Phillip Lougher
[    3.601922] fuse init (API version 7.23)
[    3.602612] Key type big_key registered
[    3.603245] Allocating IMA MOK and blacklist keyrings.
[    3.612722] Key type asymmetric registered
[    3.613356] Asymmetric key parser 'x509' registered
[    3.614090] Block layer SCSI generic (bsg) driver version 0.4 loaded (major 249)
[    3.615262] io scheduler noop registered
[    3.615871] io scheduler deadline registered (default)
[    3.616638] io scheduler cfq registered
[    3.617314] pci_hotplug: PCI Hot Plug PCI Core version: 0.5
[    3.618092] pciehp: PCI Express Hot Plug Controller Driver version: 0.4
[    3.645371] ACPI: AC Adapter [AC] (on-line)
[    3.646062] input: Power Button as /devices/LNXSYSTM:00/LNXPWRBN:00/input/input0
[    3.647182] ACPI: Power Button [PWRF]
[    3.650091] input: Sleep Button as /devices/LNXSYSTM:00/LNXSLPBN:00/input/input1
[    3.651212] ACPI: Sleep Button [SLPF]
[    3.651963] GHES: HEST is not enabled!
[    3.652651] Serial: 8250/16550 driver, 32 ports, IRQ sharing enabled
[    3.652657] ACPI: Battery Slot [BAT0] (battery present)
[    3.691817] 00:02: ttyS0 at I/O 0x3f8 (irq = 4, base_baud = 115200) is a 16550A
[    3.762513] Linux agpgart interface v0.103
[    3.775967] loop: module loaded
[    3.777162] scsi host0: ata_piix
[    3.778505] scsi host1: ata_piix
[    3.779707] ata1: PATA max UDMA/33 cmd 0x1f0 ctl 0x3f6 bmdma 0xd000 irq 14
[    3.781827] ata2: PATA max UDMA/33 cmd 0x170 ctl 0x376 bmdma 0xd008 irq 15
[    3.783213] libphy: Fixed MDIO Bus: probed
[    3.784120] tun: Universal TUN/TAP device driver, 1.6
[    3.784954] tun: (C) 1999-2004 Max Krasnyansky <maxk@qualcomm.com>
[    3.787959] PPP generic driver version 2.4.2
[    3.788675] ehci_hcd: USB 2.0 'Enhanced' Host Controller (EHCI) Driver
[    3.789548] ehci-pci: EHCI PCI platform driver
[    3.795552] ehci-platform: EHCI generic platform driver
[    3.847516] ohci_hcd: USB 1.1 'Open' Host Controller (OHCI) Driver
[    3.848366] ohci-pci: OHCI PCI platform driver
[    3.849681] ohci-platform: OHCI generic platform driver
[    3.851246] uhci_hcd: USB Universal Host Controller Interface driver
[    3.853568] i8042: PNP: PS/2 Controller [PNP0303:PS2K,PNP0f03:PS2M] at 0x60,0x64 irq 1,12
[    3.855178] serio: i8042 KBD port at 0x60,0x64 irq 1
[    3.855897] serio: i8042 AUX port at 0x60,0x64 irq 12
[    3.856721] mousedev: PS/2 mouse device common for all mice
[    3.902915] input: AT Translated Set 2 keyboard as /devices/platform/i8042/serio0/input/input2
[    3.904490] rtc_cmos rtc_cmos: rtc core: registered rtc_cmos as rtc0
[    3.905404] rtc_cmos rtc_cmos: alarms up to one day, 114 bytes nvram
[    3.945426] i2c /dev entries driver
[    3.946050] device-mapper: uevent: version 1.0.3
[    3.947898] device-mapper: ioctl: 4.34.0-ioctl (2015-10-28) initialised: dm-devel@redhat.com
[    3.949152] ledtrig-cpu: registered to indicate activity on CPUs
[    3.980055] NET: Registered protocol family 10
[    3.980929] NET: Registered protocol family 17
[    3.981607] Key type dns_resolver registered
[    3.982460] registered taskstats version 1
[    3.983142] Loading compiled-in X.509 certificates
[    3.984313] Loaded X.509 cert 'Build time autogenerated kernel key: 34492021b4051d5295bb5f61ac4b8fe0de34ccb2'
[    3.993785] zswap: loaded using pool lzo/zbud
[    3.995810] Key type trusted registered
[    4.005884] Key type encrypted registered
[    4.010061] AppArmor: AppArmor sha1 policy hashing enabled
[    4.030232] ima: No TPM chip found, activating TPM-bypass!
[    4.063746] ima: Allocated hash algorithm: sha1
[    4.064441] evm: HMAC attrs: 0x1
[    4.065270]   Magic number: 0:36:472
[    4.065870] acpi LNXSYSTM:00: hash matches
[    4.066549] rtc_cmos rtc_cmos: setting system clock to 2020-12-31 07:27:25 UTC (1609399645)
[    4.067906] BIOS EDD facility v0.16 2004-Jun-25, 0 devices found
[    4.068739] EDD information not available.
[    4.070259] Freeing unused kernel memory: 1492K
[    4.129609] Write protecting the kernel read-only data: 14336k
[    4.561704] Freeing unused kernel memory: 1592K
[    4.592115] Freeing unused kernel memory: 64K
Loading, please [    4.602205] random: systemd-udevd: uninitialized urandom read (16 bytes read, 3 bits of entropy available)
wait...
starting version 229
[    4.602631] random: udevadm: uninitialized urandom read (16 bytes read, 3 bits of entropy available)
[    4.602650] random: udevadm: uninitialized urandom read (16 bytes read, 3 bits of entropy available)
[    4.609289] random: udevadm: uninitialized urandom read (16 bytes read, 3 bits of entropy available)
[    4.609329] random: udevadm: uninitialized urandom read (16 bytes read, 3 bits of entropy available)
[    4.609458] random: udevadm: uninitialized urandom read (16 bytes read, 3 bits of entropy available)
[    4.609499] random: udevadm: uninitialized urandom read (16 bytes read, 3 bits of entropy available)
[    4.609541] random: udevadm: uninitialized urandom read (16 bytes read, 3 bits of entropy available)
[    4.609594] random: udevadm: uninitialized urandom read (16 bytes read, 3 bits of entropy available)
[    4.609638] random: udevadm: uninitialized urandom read (16 bytes read, 3 bits of entropy available)
[    4.721936] e1000: Intel(R) PRO/1000 Network Driver - version 7.3.21-k8-NAPI
[    5.174700] e1000: Copyright (c) 1999-2006 Intel Corporation.
[    5.178400] Fusion MPT base driver 3.04.20
[    5.217037] Copyright (c) 1999-2008 LSI Corporation
[    5.221049] AVX2 version of gcm_enc/dec engaged.
[    5.221768] AES CTR mode by8 optimization enabled
[    5.236398] Fusion MPT SPI Host driver 3.04.20
[    5.242474] mptbase: ioc0: Initiating bringup
[    5.307414] ioc0: LSI53C1030 A0: [    5.430774] input: ImExPS/2 Generic Explorer Mouse as /devices/platform/i8042/serio1/input/input4

[    5.472531] Capabilities={Initiator}
[    5.648668] scsi host2: ioc0: LSI53C1030 A0, FwRev=00000000h, Ports=1, MaxQ=256, IRQ=20
[    5.760238] scsi 2:0:0:0: Direct-Access     VBOX     HARDDISK         1.0  PQ: 0 ANSI: 5
[    5.774857] scsi target2:0:0: Beginning Domain Validation
[    5.890627] scsi target2:0:0: Domain Validation skipping write tests
[    5.961311] scsi target2:0:0: Ending Domain Validation
[    6.116716] scsi target2:0:0: asynchronous
[    6.217286] scsi 2:0:1:0: Direct-Access     VBOX     HARDDISK         1.0  PQ: 0 ANSI: 5
[    6.219929] scsi target2:0:1: Beginning Domain Validation
[    6.241927] scsi target2:0:1: Domain Validation skipping write tests
[    6.244665] scsi target2:0:1: Ending Domain Validation
[    6.258856] scsi target2:0:1: asynchronous
[    6.273108] sd 2:0:0:0: [sda] 20971520 512-byte logical blocks: (10.7 GB/10.0 GiB)
[    6.273361] sd 2:0:0:0: Attached scsi generic sg0 type 0
[    6.273526] sd 2:0:1:0: Attached scsi generic sg1 type 0
[    6.274181] sd 2:0:1:0: [sdb] 20480 512-byte logical blocks: (10.5 MB/10.0 MiB)
[    6.274422] sd 2:0:1:0: [sdb] Write Protect is off
[    6.274557] sd 2:0:1:0: [sdb] Incomplete mode parameter data
[    6.274561] sd 2:0:1:0: [sdb] Assuming drive cache: write through
[    6.285872] sd 2:0:1:0: [sdb] Attached SCSI disk
[    6.315036] e1000 0000:00:03.0 eth0: (PCI:33MHz:32-bit) 02:8b:9b:7c:43:4a
[    6.315042] e1000 0000:00:03.0 eth0: Intel(R) PRO/1000 Network Connection
[    6.351995] sd 2:0:0:0: [sda] Write Protect is off
[    6.353401] sd 2:0:0:0: [sda] Incomplete mode parameter data
[    6.354733] sd 2:0:0:0: [sda] Assuming drive cache: write through
[    6.363543]  sda: sda1
[    6.369049] sd 2:0:0:0: [sda] Attached SCSI disk
[    6.690293] e1000 0000:00:08.0 eth1: (PCI:33MHz:32-bit) 08:00:27:f3:eb:58
[    6.710202] e1000 0000:00:08.0 eth1: Intel(R) PRO/1000 Network Connection
[    6.713319] e1000 0000:00:03.0 enp0s3: renamed from eth0
[    6.729568] e1000 0000:00:08.0 enp0s8: renamed from eth1
Begin: Loading e[    8.003338] md: linear personality registered for level -1
ssential drivers ... [    8.143319] md: multipath personality registered for level -4
[    8.324579] md: raid0 personality registered for level 0
[    8.333580] md: raid1 personality registered for level 1
[    8.403219] raid6: sse2x1   gen()  9946 MB/s
[    8.487741] raid6: sse2x1   xor()  6845 MB/s
[    8.559249] raid6: sse2x2   gen() 14930 MB/s
[    8.627525] raid6: sse2x2   xor() 12248 MB/s
[    8.695660] raid6: sse2x4   gen() 13894 MB/s
[    8.769257] raid6: sse2x4   xor() 10175 MB/s
[    8.859237] raid6: avx2x1   gen() 22745 MB/s
[    8.939247] raid6: avx2x2   gen() 30487 MB/s
[    9.059150] raid6: avx2x4   gen() 28866 MB/s
[    9.068285] raid6: using algorithm avx2x2 gen() 30487 MB/s
[    9.069919] raid6: using avx2x2 recovery algorithm
[    9.073979] xor: automatically using best checksumming function:
[    9.115161]    avx       : 43957.000 MB/sec
[    9.116979] async_tx: api initialized (async)
[    9.298067] md: raid6 personality registered for level 6
[    9.298899] md: raid5 personality registered for level 5
[    9.299705] md: raid4 personality registered for level 4
[    9.310841] md: raid10 personality registered for level 10
done.
Begin: Running /scripts/init-premount ... done.
Begin: Mounting root file system ... Begin: Running /scripts/local-top ... done.
Begin: Running /scripts/local-premount ... [    9.340021] Btrfs loaded
Scanning for Btrfs filesystems
done.
Warning: fsck not present, so skipping root file system
[    9.378197] EXT4-fs (sda1): mounted filesystem with ordered data mode. Opts: (null)
done.
Begin: Running /scripts/local-bottom ... done.
Begin: Running /scripts/init-bottom ... done.
[    9.506400] systemd[1]: systemd 229 running in system mode. (+PAM +AUDIT +SELINUX +IMA +APPARMOR +SMACK +SYSVINIT +UTMP +LIBCRYPTSETUP +GCRYPT +GNUTLS +ACL +XZ -LZ4 +SECCOMP +BLKID +ELFUTILS +KMOD -IDN)
[    9.509630] systemd[1]: Detected virtualization oracle.
[    9.510803] systemd[1]: Detected architecture x86-64.

Welcome to [1mUbuntu 16.04.7 LTS[0m!

[    9.515334] systemd[1]: Set hostname to <ubuntu>.
[    9.517958] systemd[1]: Initializing machine ID from random generator.
[    9.520323] systemd[1]: Installed transient /etc/machine-id file.
[    9.618922] systemd[1]: Listening on LVM2 poll daemon socket.
[[0;32m  OK  [0m] Listening on LVM2 poll daemon socket.
[    9.642607] systemd[1]: Listening on udev Control Socket.
[[0;32m  OK  [0m] Listening on udev Control Socket.
[    9.645664] systemd[1]: Listening on Syslog Socket.
[[0;32m  OK  [0m] Listening on Syslog Socket.
[    9.649083] systemd[1]: Reached target Swap.
[[0;32m  OK  [0m] Reached target Swap.
[    9.651163] systemd[1]: Reached target System Time Synchronized.
[[0;32m  OK  [0m] Reached target System Time Synchronized.
[    9.654635] systemd[1]: Listening on udev Kernel Socket.
[[0;32m  OK  [0m] Listening on udev Kernel Socket.
[    9.663491] systemd[1]: Set up automount Arbitrary Executable File Formats File System Automount Point.
[[0;32m  OK  [0m] Set up automount Arbitrary Executab...ats File System Automount Point.
[    9.676906] systemd[1]: Started Trigger resolvconf update for networkd DNS.
[[0;32m  OK  [0m] Started Trigger resolvconf update for networkd DNS.
[    9.680828] systemd[1]: Started Forward Password Requests to Wall Directory Watch.
[[0;32m  OK  [0m] Started Forward Password Requests to Wall Directory Watch.
[    9.702903] systemd[1]: Listening on LVM2 metadata daemon socket.
[[0;32m  OK  [0m] Listening on LVM2 metadata daemon socket.
[    9.707090] systemd[1]: Listening on Device-mapper event daemon FIFOs.
[[0;32m  OK  [0m] Listening on Device-mapper event daemon FIFOs.
[    9.710761] systemd[1]: Listening on Journal Socket (/dev/log).
[[0;32m  OK  [0m] Listening on Journal Socket (/dev/log).
[    9.730636] systemd[1]: Created slice System Slice.
[[0;32m  OK  [0m] Created slice System Slice.
[    9.734487] systemd[1]: Listening on Journal Socket.
[[0;32m  OK  [0m] Listening on Journal Socket.
[    9.763248] systemd[1]: Starting Nameserver information manager...
         Starting Nameserver information manager...
[    9.790974] systemd[1]: Mounting Debug File System...
         Mounting Debug File System...
[    9.819199] systemd[1]: Starting Remount Root and Kernel File Systems...
         Starting Remount Root and Kernel[    9.829583] EXT4-fs (sda1): re-mounted. Opts: (null)
 File Systems...
[    9.904858] systemd[1]: Starting Load Kernel Modules...
         Starting Load Kernel Modules...
[    9.921589] systemd[1]: Starting Monitoring of LVM2 mirrors, snapshots etc. using dmeventd or progress polling...
         Starting Monitoring of LVM2 mirrors... dmeventd or progress poll[    9.933881] Loading iSCSI transport class v2.0-870.
ing...
[    9.949165] systemd[1]: Mounting Huge Pages File System...
         Mounting Huge Pages File System...
[    9.956161] systemd[1]: Starting Uncomplicated firewall...
         Starting Uncomplicated firewall...
[    9.959991] systemd[1]: Mounting POSIX Message Queue File System...
[    9.962289] iscsi: registered transport (tcp)
         Mounting POSIX Message Queue File System...
[    9.967072] systemd[1]: Starting Set console keymap...
         Starting Set console keymap...
[    9.974572] systemd[1]: Starting Create list of required static device nodes for the current kernel...
         Starting Create list of required st... nodes for the cu[    9.979714] random: nonblocking pool is initialized
rrent kernel...
[    9.985785] systemd[1]: Created slice system-serial\x2dgetty.slice.
[[0;32m  OK  [0m] Created slice system-serial\x2dgetty.slice.
[    9.989835] systemd[1]: Reached target Encrypted Volumes.
[[0;32m  OK  [0m] Reached target Encrypted Volumes.
[    9.992397] systemd[1]: Listening on /dev/initctl Compatibility Named Pipe.
[[0;32m  OK  [0m] Listening on /dev/initctl Compatibility Named Pipe.
[   10.000306] systemd[1]: Listening on Journal Audit Socket.
[[0;32m  OK  [0m] Listening on Journal Audit Socket.
[   10.004971] systemd[1]: Starting Journal Service...
         Starting Journal Service...
[   10.023581] systemd[1]: Created slice User and Session Slice.
[[0;32m  OK  [0m] Created slice User and Session Slice.
[   10.027362] systemd[1]: Reached target Slices.
[[0;32m  OK  [0m] Reached target Slices.
[   10.033139] systemd[1]: Reached target User and Group Name Lookups.
[[0;32m  OK  [0m] Reached target User and Group Name Lookups.
[   10.043552] iscsi: registered transport (iser)
[   10.052349] systemd[1]: Mounted POSIX Message Queue File System.
[[0;32m  OK  [0m] Mounted POSIX Message Queue File System.
[   10.069202] systemd[1]: Mounted Debug File System.
[[0;32m  OK  [0m] Mounted Debug File System.
[   10.076911] systemd[1]: Mounted Huge Pages File System.
[[0;32m  OK  [0m] Mounted Huge Pages File System.
[   10.081802] systemd[1]: Started Journal Service.
[[0;32m  OK  [0m] Started Journal Service.
[[0;32m  OK  [0m] Started Remount Root and Kernel File Systems.
[[0;32m  OK  [0m] Started Load Kernel Modules.
[[0;32m  OK  [0m] Started Uncomplicated firewall.
[[0;32m  OK  [0m] Started Set console keymap.
[[0;32m  OK  [0m] Started Create list of required sta...ce nodes for the current kernel.
[[0;32m  OK  [0m] Started Nameserver information manager.
[[0;32m  OK  [0m] Started LVM2 metadata daemon.
         Starting Create Static Device Nodes in /dev...
         Mounting FUSE Control File System...
         Starting Apply Kernel Variables...
         Starting udev Coldplug all Devices...
         Starting Load/Save Random Seed...
         Starting Flush Journal to Persistent Storage...
[[0;32m  OK  [0m] Mounted FUSE Control File System.
[[0;32m  OK  [0m] Started Create Static Device Nodes in /dev.
[[0;32m  OK  [0m] Started Apply Kernel Variables.
[[0;32m  OK  [0m] Started Load/Save Random Seed.
         Starting udev Kernel Device Manager...
[[0;32m  OK  [0m] Started Flush Journal to Persistent Storage.
[[0;32m  OK  [0m] Started udev Coldplug all Devices.
[[0;32m  OK  [0m] Started udev Kernel Device Manager.
[[0;32m  OK  [0m] Started Dispatch Password Requests to Console Directory Watch.
[[0;32m  OK  [0m] Found device /dev/ttyS0.
[[0;32m  OK  [0m] Listening on Load/Save RF Kill Switch Status /dev/rfkill Watch.
[[0;32m  OK  [0m] Started Monitoring of LVM2 mirrors,...ng dmeventd or progress polling.
[[0;32m  OK  [0m] Reached target Local File Systems (Pre).
[[0;32m  OK  [0m] Reached target Local File Systems.
         Starting Commit a transient machine-id on disk...
         Starting LSB: AppArmor initialization...
         Starting Tell Plymouth To Write Out Runtime Data...
         Starting Initial cloud-init job (pre-networking)...
         Starting Set console font and keymap...
         Starting Create Volatile Files and Directories...
[[0;32m  OK  [0m] Started Commit a transient machine-id on disk.
[[0;32m  OK  [0m] Started Tell Plymouth To Write Out Runtime Data.
[[0;32m  OK  [0m] Started Create Volatile Files and Directories.
         Starting Update UTMP about System Boot/Shutdown...
[[0;32m  OK  [0m] Started Update UTMP about System Boot/Shutdown.
[[0;32m  OK  [0m] Started Set console font and keymap.
[[0;32m  OK  [0m] Created slice system-getty.slice.
[    9.765796] cloud-init[614]: Cloud-init v. 20.3-2-g371b392c-0ubuntu1~16.04.1 running 'init-local' at Thu, 31 Dec 2020 07:27:33 +0000. Up 9.44 seconds.
[[0;32m  OK  [0m] Started Initial cloud-init job (pre-networking).
[[0;32m  OK  [0m] Reached target Network (Pre).
[[0;32m  OK  [0m] Started LSB: AppArmor initialization.
         Starting Load AppArmor profiles managed internally by snapd...
         Starting Raise network interfaces...
[[0;32m  OK  [0m] Started Load AppArmor profiles managed internally by snapd.
[[0;32m  OK  [0m] Started Raise network interfaces.
[[0;32m  OK  [0m] Reached target Network.
         Starting Initial cloud-init job (metadata service crawler)...
[   11.013290] cloud-init[957]: Cloud-init v. 20.3-2-g371b392c-0ubuntu1~16.04.1 running 'init' at Thu, 31 Dec 2020 07:27:33 +0000. Up 10.36 seconds.
[   11.018256] cloud-init[957]: ci-info: ++++++++++++++++++++++++++++++++++++++Net device info+++++++++++++++++++++++++++++++++++++++
[   11.047772] cloud-init[957]: ci-info: +--------+-------+----------------------------+---------------+--------+-------------------+
[[   11.068312] cloud-init[957]: ci-info: | Device |   Up  |          Address           |      Mask     | Scope  |     Hw-Address    |
[   11.068540] cloud-init[957]: ci-info: +--------+-------+----------------------------+---------------+--------+-------------------+
[   11.068951] cloud-init[957]: ci-info: | enp0s3 |  True |         10.0.2.15          | 255.255.255.0 | global | 02:8b:9b:7c:43:4a |
[   11.069112] cloud-init[957]: ci-info: | enp0s3 |  True | fe80::8b:9bff:fe7c:434a/64 |       .       |  link  | 02:8b:9b:7c:43:4a |
[   11.069217] cloud-init[957]: ci-info: | enp0s8 | False |             .              |       .       |   .    | 08:00:27:f3:eb:58 |
[   11.069332] cloud-init[957]: ci-info: |   lo   |  True |         127.0.0.1          |   255.0.0.0   |  host  |         .         |
[   11.069460] cloud-init[957]: ci-info: |   lo   |  True |          ::1/128           |       .       |  host  |         .         |
[   11.069594] cloud-init[957]: ci-info: +--------+-------+----------------------------+---------------+--------+-------------------+
[   11.069751] cloud-init[957]: ci-info: +++++++++++++++++++++++++++Route IPv4 info++++++++++++++++++++++++++++
[   11.069971] cloud-init[957]: ci-info: +-------+-------------+----------+---------------+-----------+-------+
[   11.070104] cloud-init[957]: ci-info: | Route | Destination | Gateway  |    Genmask    | Interface | Flags |
[   11.070267] cloud-init[957]: ci-info: +-------+-------------+----------+---------------+-----------+-------+
[   11.070405] cloud-init[957]: ci-info: |   0   |   0.0.0.0   | 10.0.2.2 |    0.0.0.0    |   enp0s3  |   UG  |
[   11.070581] cloud-init[957]: ci-info: |   1   |   10.0.2.0  | 0.0.0.0  | 255.255.255.0 |   enp0s3  |   U   |
[   11.070747] cloud-init[957]: ci-info: +-------+-------------+----------+---------------+-----------+-------+
[   11.070909] cloud-init[957]: ci-info: +++++++++++++++++++Route IPv6 info+++++++++++++++++++
[   11.071071] cloud-init[957]: ci-info: +-------+-------------+---------+-----------+-------+
[   11.071232] cloud-init[957]: ci-info: | Route | Destination | Gateway | Interface | Flags |
[   11.071407] cloud-init[957]: ci-info: +-------+-------------+---------+-----------+-------+
[   11.071551] cloud-init[957]: ci-info: |   0   |  fe80::/64  |    ::   |   enp0s3  |   U   |
[   11.071730] cloud-init[957]: ci-info: |   3   |   ff00::/8  |    ::   |   enp0s3  |   U   |
[   11.071885] cloud-init[957]: ci-info: +-------+-------------+---------+-----------+-------+
[   11.072025] cloud-init[957]: Generating public/private rsa key pair.
[0;32m  OK  [0m] Started Initial cloud-init job (metadata service crawler).
[[0;32m  OK  [0m] Reached target System Initialization.
[[0;32m  OK  [0m] Listening on D-Bus System Message Bus Socket.
[[0;32m  OK  [0m] Started Message of the Day.
[[0;32m  OK  [0m] Started Daily Cleanup of Temporary Directories.
[[0;32m  OK  [0m] Started Daily apt download activities.
[[0;32m  OK  [0m] Started Daily apt upgrade and clean activities.
[[0;32m  OK  [0m] Reached target Timers.
[[0;32m  OK  [0m] Listening on UUID daemon activation socket.
[   11.072478] cloud-init[957]: Your identification has been saved in /etc/ssh/ssh_host_rsa_key.
[   11.296766] cloud-init[957]: Your public key has been saved in /etc/ssh/ssh_host_rsa_key.pub.
[   11.299467] cloud-init[957]: The key fingerprint is:
[   11.300572] cloud-init[957]: SHA256:IhQDQ48M1nB04099gYL51iFXLM3Z8Xhh21s169A7qZc root@ubuntu-xenial
[[0;32m  OK  [0m] Started ACPI Events Check.
[[0;32m  OK  [0m] Reached target Paths.
[[0;32m  OK  [0m] Listening on ACPID Listen Socket.
[   11.322303] cloud-init[957]: The key's randomart image is:
[   11.334776] cloud-init[957]: +---[RSA 2048]----+
[   11.336252] cloud-init[957]: |.+B+ooo   *oo..+.|
[   11.337395] cloud-init[957]: |.o.=o=.o.= =..= B|
[   11.338767] cloud-init[957]: |  o o...=.o. o *o|
[   11.360349] cloud-init[957]: |   .  oo ..   + =|
         Starting Socket activation for snappy daemon.
[   11.365383] cloud-init[957]: |    . o.S      * |
         Starting LXD - unix socket.
[[0;32m  OK  [0m] Reached target Cloud-config availability.
[[0;32m  OK  [0m] Reached target Network is Online.
[   11.367775] cloud-init[957]: |     . .      . o|
[   11.373116] cloud-init[957]: |             . E |
[   11.378679] cloud-init[957]: |              .  |
[   11.380948] cloud-init[957]: |                 |
[   11.401789] cloud-init[957]: +----[SHA256]-----+
[   11.410667] cloud-init[957]: Generating public/private dsa key pair.
         Starting iSCSI initiator daemon (iscsid)...
[[0;32m  OK  [0m] Listening on Socket activation for snappy daemon.
[[0;32m  OK  [0m] Listening on LXD - unix socket.
[   11.421593] cloud-init[957]: Your identification has been saved in /etc/ssh/ssh_host_dsa_key.
[   11.456860] cloud-init[957]: Your public key has been saved in /etc/ssh/ssh_host_dsa_key.pub.
[   11.458756] cloud-init[957]: The key fingerprint is:
[   11.460123] cloud-init[957]: SHA256:SL2Le8O0Io2XyK3epD1sVliNVHgsJOW+f89V4P70v1I root@ubuntu-xenial
[   11.462093] cloud-init[957]: The key's randomart image is:
[   11.463592] cloud-init[957]: +---[DSA 1024]----+
[   11.472898] [cloud-init[0;32m  OK  [0m[957]: ] |      .oo+.      |Reached target Sockets.

[   11.473628] [[0;32m  OK  [0m] Reached target Basic System.
cloud-init         Starting System Logging Service...
[957]: |       ++ o      |
[   11.488029] cloud-init[957]: |      ..o=    .  |
         Starting Virtualbox guest utils...
         Starting LXD - container startup/shutdown...
         Starting Login Service...
[[0;32m  OK  [0m] Started Deferred execution scheduler.
[[0;32m  OK  [0m] Started Regular background program processing daemon.
[   11.502424] cloud-init[957]: |     . oo..  . . |
[   11.525677]          Starting Accounts Service...
cloud-init[957]:          Starting LSB: MD monitoring daemon...
[[0;32m  OK  [0m] Started FUSE filesystem for LXC.
         Starting /etc/rc.local Compatibility...
         Starting LSB: Record successful boot for GRUB...
[[0;32m  OK  [0m] Started D-Bus System Message Bus.
|      .oS     . .|
[   11.548136] cloud-init[957]: |      ..oo   . E.|
[   11.550619] cloud-init[957]: |   . *o=o.    o o|
[   11.556477] cloud-init[957]: |    ==@.=.  .o +.|
[   11.569035] cloud-init[957]: |   .+*++ ... .+.*|
[   11.570947] cloud-init[957]: +----[SHA256]-----+
[   11.579056] cloud-init[957]: Generating public/private ecdsa key pair.
[   11.600376] cloud-init[957]: Your identification has been saved in /etc/ssh/ssh_host_ecdsa_key.
[   11.616438] [cloud-init[0;32m  OK  [0m[957]: ] Your public key has been saved in /etc/ssh/ssh_host_ecdsa_key.pub.Started ACPI event daemon.

[   11.617109] cloud-init[957]: The key fingerprint is:
[   11.632754]          Starting Snap Daemon...
cloud-init[957]: SHA256:9iJX1ZtoIgFQQJwKi5xIr68e4TBEH3iCC02oV/9RT5Y root@ubuntu-xenial         Starting Pollinate to seed the pseudo random number generator...

[[0;32m  OK  [0m] Started System Logging Service.
[   11.637614] [[0;32m  OK  [0m] Started iSCSI initiator daemon (iscsid).
[[0;32m  OK  [0m] Started LXD - container startup/shutdown.
cloud-init[957]: The key's randomart image is:
[   11.663470] [[0;32m  OK  [0m] Started /etc/rc.local Compatibility.
cloud-init[957]: +---[ECDSA 256]---+
[   11.667019] cloud-init[957]: |.=o++=o      .   |
[   11.669148] cloud-init[957]: |*+o.=  .  . E.   |
[   11.671295] cloud-init[957]: |B==+ .  .. +. .  |
[   11.682908] cloud-init[957]: |Boo.  . .. ... o |
[   11.688994] cloud-init[957]: |oo.    .S.o o o  |
[   11.690715] cloud-init[957]: |oo.    ..+ o     |
         Starting Authenticate and Authorize Users to Run Privileged Tasks...
[   11.701562] cloud-init[957]: | o.   . o .      |
[   11.739628] cloud-init[957]: |  ..   o .       |
         [   11.759799] cloud-init[957]: |.o.              |
[   11.760621] cloud-init[957]: +----[SHA256]-----+
[   11.760937] cloud-init[957]: Generating public/private ed25519 key pair.
Starting Login to default iSCSI targets...
[   11.761140] cloud-init[957]: Your identification has been saved in /etc/ssh/ssh_host_ed25519_key.
[   11.793482] [[0;32m  OK  [0m] Started Virtualbox guest utils.
cloud-init[957]: Your public key has been saved in /etc/ssh/ssh_host_ed25519_key.pub.
[[0;32m  OK  [0m] Started LSB: MD monitoring daemon.
[   11.820798] cloud-init[957]: The key fingerprint is:
[[0;32m  OK  [0m] Started LSB: Record successful boot for GRUB.
[   11.861219] cloud-init[957]: SHA256:nQsO+CCAQ3WLGrHuUYgkWmE0iGc2xeb2YDBqf57JquA root@ubuntu-xenial
[[0;32m  OK  [0m] Started Login Service.
[   11.869024] [[0;32m  OK  [0m] Started Authenticate and Authorize Users to Run Privileged Tasks.
[[0;32m  OK  [0m] Started Accounts Service.
cloud-init[957]: The key's randomart image is:
[   11.981608] [[0;32m  OK  [0m] Started Unattended Upgrades Shutdown.
cloud-init[957]: +--[ED25519 256]--+
[[0;32m  OK  [0m] Started Snap Daemon.
[   12.016128] cloud-init[957]: |o*B=..           |
[   12.041816]          Starting Wait until snapd is fully seeded...
cloud-init[957]: |Xo@.= .          |
[   12.047290] cloud-init[957]: |*O O .           |
[   12.051074] [[0;32m  OK  [0m] Started Login to default iSCSI targets.
[[0;32m  OK  [0m] Reached target Remote File Systems (Pre).
[[0;32m  OK  [0m] Reached target Remote File Systems.
         Starting LSB: daemon to balance interrupts for SMP systems...
         Starting LSB: Set the CPU Frequency Scaling governor to "ondemand"...
         Starting Permit User Sessions...
         Starting LSB: automatic crash report generation...
[[0;32m  OK  [0m] Started Permit User Sessions.
         Starting Terminate Plymouth Boot Screen...
         Starting Hold until boot process finishes up...
cloud-init[957]: |o++ =.   . .     |
[[0;32m  OK  [0m] Started Hold until boot process finishes up.
[[0;32m  OK  [0m] Started Wait until snapd is fully seeded.
[[0;32m  OK  [0m] Started Terminate Plymouth Boot Screen.
[   12.111778] cloud-init[957]: |.+oooo. S o      |
[   12.144298] cloud-init[957]: |. .o +.o . .     |
         Starting Apply the settings specified in cloud-config...
[[0;32m  OK  [0m] Started Getty on tty1.
         Starting Set console scheme...
[[0;32m  OK  [0m] Started Serial Getty on ttyS0.
[[0;32m  OK  [0m] Reached target Login Prompts.
[   12.161056] cloud-init[957]: |..  + + . .      |
[   12.204298] cloud-init[957]: |o    =           |
[[0;32m  OK  [0m] Started LSB: Set the CPU Frequency Scaling governor to "ondemand".
[[0;32m  OK  [0m] Started Set console scheme.
[   12.219743] cloud-init[957]: | E...            |
[   12.268214] cloud-init[957]: +----[SHA256]-----+
[[0;32m  OK  [0m] Started LSB: automatic crash report generation.
[[0;32m  OK  [0m] Started LSB: daemon to balance interrupts for SMP systems.
[   12.665083] cloud-init[1265]: Generating locales (this might take a while)...
[[0;32m  OK  [0m] Started Pollinate to seed the pseudo random number generator.
         Starting OpenBSD Secure Shell server...
[[0;32m  OK  [0m] Started OpenBSD Secure Shell server.
[[0;32m  OK  [0m] Reached target Multi-User System.
[[0;32m  OK  [0m] Reached target Graphical Interface.
         Starting Update UTMP about System Runlevel Changes...
[[0;32m  OK  [0m] Created slice User Slice of vagrant.
[[0;32m  OK  [0m] Started Update UTMP about System Runlevel Changes.
         Starting User Manager for UID 1000...
[[0;32m  OK  [0m] Started Session 1 of user vagrant.
[[0;32m  OK  [0m] Started User Manager for UID 1000.
[   13.221175] cloud-init[1265]:   en_US.UTF-8... done
[   13.229782] cloud-init[1265]: Generation complete.
[   13.518990] cloud-init[1265]: Cloud-init v. 20.3-2-g371b392c-0ubuntu1~16.04.1 running 'modules:config' at Thu, 31 Dec 2020 07:27:36 +0000. Up 12.57 seconds.
[[0;32m  OK  [0m] Started Apply the settings specified in cloud-config.
         Starting Execute cloud user/final scripts...
ci-info: no authorized SSH keys fingerprints found for user ubuntu.
<14>Dec 31 07:27:37 ec2: 
<14>Dec 31 07:27:37 ec2: #############################################################
<14>Dec 31 07:27:37 ec2: -----BEGIN SSH HOST KEY FINGERPRINTS-----
<14>Dec 31 07:27:37 ec2: 1024 SHA256:SL2Le8O0Io2XyK3epD1sVliNVHgsJOW+f89V4P70v1I root@ubuntu-xenial (DSA)
<14>Dec 31 07:27:37 ec2: 256 SHA256:9iJX1ZtoIgFQQJwKi5xIr68e4TBEH3iCC02oV/9RT5Y root@ubuntu-xenial (ECDSA)
<14>Dec 31 07:27:37 ec2: 256 SHA256:nQsO+CCAQ3WLGrHuUYgkWmE0iGc2xeb2YDBqf57JquA root@ubuntu-xenial (ED25519)
<14>Dec 31 07:27:37 ec2: 2048 SHA256:IhQDQ48M1nB04099gYL51iFXLM3Z8Xhh21s169A7qZc root@ubuntu-xenial (RSA)
<14>Dec 31 07:27:37 ec2: -----END SSH HOST KEY FINGERPRINTS-----
<14>Dec 31 07:27:37 ec2: #############################################################
-----BEGIN SSH HOST KEY KEYS-----
ecdsa-sha2-nistp256 AAAAE2VjZHNhLXNoYTItbmlzdHAyNTYAAAAIbmlzdHAyNTYAAABBBOW52TLrrwVTVyqN+ZYsCec0i4WZM43Wb0p7x59BWrH92yD6wmFp37Op+qY0q+RUB40H5PPVnUihbNA5H5C/Et4= root@ubuntu-xenial
ssh-ed25519 AAAAC3NzaC1lZDI1NTE5AAAAIDfyWYaaHFrMKnfSFmnJMgFk30hwJB/j7HgriJEwx1Wo root@ubuntu-xenial
ssh-rsa AAAAB3NzaC1yc2EAAAADAQABAAABAQDVnFxIy/orsfXPizgrDaGcQHAIctUQD+66nJlhePNZplgdUoqM0uH2PXoU99C4PZ5jmQYeae+a1T6sid//jsyA6uDFt0qv5Uf8ZtG4P6jrXijCbqVlW55TV51nuN5fu7HTA6ocDeo+nH5l2TCpHzr8Gz4Oi/mCcifK8G+SXRSIMpXZ88/hP0QtYfxRA5oNVWspHLzSzfpX30bU3vRNJYMRgXr8VAKYheJ/vDCxQL5jLnmUM+yC7+cIpQM/1jvRlvFNjTMvJEWY/jGt/tjVi6w0Otv0pwkCVytahaH6zwXBXOy2Cy/ZGRYySKyW4wB7cWy4m+WlR8qW+KgSBUrkakNL root@ubuntu-xenial
-----END SSH HOST KEY KEYS-----
[   13.945809] cloud-init[1421]: Cloud-init v. 20.3-2-g371b392c-0ubuntu1~16.04.1 running 'modules:final' at Thu, 31 Dec 2020 07:27:37 +0000. Up 13.82 seconds.
[   13.986556] [[0;32m  OK  [0m] Started Execute cloud user/final scripts.
[[0;32m  OK  [0m] Reached target Cloud-init target.
cloud-init[1421]: ci-info: no authorized SSH keys fingerprints found for user ubuntu.
[   13.991965] cloud-init[1421]: Cloud-init v. 20.3-2-g371b392c-0ubuntu1~16.04.1 finished at Thu, 31 Dec 2020 07:27:37 +0000. Datasource DataSourceNoCloud [seed=/dev/sdb][dsmode=net].  Up 13.94 seconds

Ubuntu 16.04.7 LTS ubuntu-xenial ttyS0

ubuntu-xenial login: 