[    0.000000] Linux version 4.15.0-124-generic (buildd@lgw01-amd64-029) (gcc version 7.5.0 (Ubuntu 7.5.0-3ubuntu1~18.04)) #127-Ubuntu SMP Fri Nov 6 10:54:43 UTC 2020 (Ubuntu 4.15.0-124.127-generic 4.15.18)
[    0.000000] Command line: BOOT_IMAGE=/boot/vmlinuz-4.15.0-124-generic root=LABEL=cloudimg-rootfs ro console=tty1 console=ttyS0
[    0.000000] KERNEL supported cpus:
[    0.000000]   Intel GenuineIntel
[    0.000000]   AMD AuthenticAMD
[    0.000000]   Centaur CentaurHauls
[    0.000000] x86/fpu: Supporting XSAVE feature 0x001: 'x87 floating point registers'
[    0.000000] x86/fpu: Supporting XSAVE feature 0x002: 'SSE registers'
[    0.000000] x86/fpu: Supporting XSAVE feature 0x004: 'AVX registers'
[    0.000000] x86/fpu: xstate_offset[2]: 576, xstate_sizes[2]: 256[   .00000] x86/fpu: Enaedxsta fatures 0x7, context size is 832 bytes, using 'standard' format.
[    0.000000] e820: BIOS-provided physical RAM map:
[    0.000000] BIOS-e820: [mem 0x0000000000000000-0x000000000009fbff] usable
[    0.000000] BIOS-e820: [mem 0x000000000009fc00-0x000000000009ffff] reserved
[    0.000000] BIOS-e820: [mem 0x00000000000f0000-0x00000000000fffff] reserved
[    0.000000] BIOS-e820: [mem 0x0000000000100000-0x000000003ffeffff] usable
[    0.000000] BIOS-e820: [mem 0x000000003fff0000-0x000000003fffffff] ACPI data
[    0.000000] BIOS-e820: [mem 0x00000000fec00000-0x00000000fec00fff] reserved
[    0.000000] BIOS-e820: [mem 0x00000000fee00000-0x00000000fee00fff] reserved
[    0.000000] BIOS-e820: [mem 0x00000000fffc0000-0x00000000ffffffff] reserved
[    0.000000] NX (Execute Disable) protection: active
[    0.000000] SMBIOS 2.5 present.
[    0.000000] DMI: innotek GmbH VirtualBox/VirtualBox, BIOS VirtualBox 12/01/2006
[    0.000000] Hypervisor detected: KVM
[    0.000000] e820: last_pfn = 0x3fff0 max_arch_pfn = 0x400000000
[    0.000000] MTRR: Disabled
[    0.000000] x86/PAT: MTRRs disabled, skipping PAT initialization too.
[    0.000000] CPU MTRRs all blank - virtualized system.
[    0.000000] x86/PAT: Configuration [0-7]: WB  WT  UC- UC  WB  WT  UC- UC  
[    0.000000] found SMP MP-table at [mem 0x0009fff0-0x0009ffff]
[    0.000000] Scanning 1 areas for low memory corruption
[    0.000000] RAMDISK: [mem 0x35a67000-0x36d2afff]
[    0.000000] ACPI: Early table checksum verification disabled
[    0.000000] ACPI: RSDP 0x00000000000E0000 000024 (v02 VBOX  )
[    0.000000] ACPI: XSDT 0x000000003FFF0030 00003C (v01 VBOX   VBOXXSDT 00000001 ASL  00000061)
[    0.000000] ACPI: FACP 0x000000003FFF00F0 0000F4 (v04 VBOX   VBOXFACP 00000001 ASL  00000061)
[    0.000000] ACPI: DSDT 0x000000003FFF0470 0021FF (v02 VBOX   VBOXBIOS 00000002 INTL 20180105)
[    0.000000] ACPI: FACS 0x000000003FFF0200 000040
[    0.000000] ACPI: FACS 0x000000003F0200 000040
[    0.000000] ACPI: APIC 0x000000003FFF0240 00005C (v02 VBOX   VBOXAPIC 00000001 ASL  00000061)
[    0.000000] ACPI: SSDT 0x000000003FFF02A0 0001CC (v01 VBOX   VBOXCPUT 00000002 INTL 20180105)
[    0.000000] No NUMA configuration found
[    0.000000] Faking a node at [mem 0x0000000000000000-0x000000003ffeffff]
[    0.000000] NODE_DATA(0) allocated [mem 0x3ffc5000-0x3ffeffff]
[    0.000000] kvm-clock: cpu 0, msr 0:3ff44001, primary cpu clock
[    0.000000] kvm-clock: Using msrs 4b564d01 and 4b564d00
[    0.000000] kvm-clock: using sched offset of 3176672909 cycles
[    0.000000] clocksource: kvm-clock: mask: 0xffffffffffffffff max_cycles: 0x1cd42e4dffb, max_idle_ns: 881590591483 ns
[    0.000000] Zone ranges:
[    0.000000]   DMA      [mem 0x0000000000001000-0x000000000ffff][    0.000000]   DMA32    [mem 0x0000000001000000-0x000000003ffeffff]
[    0.000000]   Normal   empty
[    0.000000]   Device   empty
[    0.000000] Movable zone start for each node
[    0.000000] Early memory node ranges
[    0.000000]   node   0: [mem 0x0000000000001000-0x000000000009efff]
[    0.000000]   node   0: [mem 0x0000000000100000-0x000000003ffeffff]
[    0.000000] Reserved but unavailable: 98 pages
[    0.000000] Initmem setup node 0 [mem 0x0000000000001000-0x000000003ffeffff]
[    0.000000] ACPI: PM-Timer IO Port: 0x4008
[    0.000000] IOAPIC[0]: apic_id 2, version 32, address 0xfec00000, GSI 0-23
[    0.000000] ACPI: INT_SRC_OVR (bus 0 bus_irq 0 global_irq 2 dfl dfl)
[    0.000000] ACPI: INT_SRC_OVR (bus 0 bus_irq 9 global_irq 9 low level)
[    0.000000] Using ACPI (MADT) for SMP configuration information
[    0.000000] smpboot: Allowing 2 CPUs, 0 hotplug CPUs
[    0.000000] PM: Registered nosave memory: [mem 0x00000000-0x00000fff]
[    0.000000] PM: Registered nosave memory: [mem 0x0009f000-0x0009ffff]
[    0.000000] PM: Registered nosave memory: [mem 0x000a0000-0x000effff]
[    0.000000] PM: Registered nosave memory: [mem 0x000f0000-0x000fffff]
[    0.000000] e820: [mem 0x40000000-0xfebfffff] available for PCI devices
[    0.000000] Booting paravirtualized kernel on KVM
[    0.000000] clocksource: refined-jiffies: mask: 0xffffffff max_cycles: 0xffffffff, max_idle_ns: 7645519600211568 ns
[    0.000000] random: get_random_bytes called from start_kernel+0x99/0x500 with crng_init=0
[    0.000000] setup_percpu: NR_CPUS:8192 nr_cpumask_bits:2 nr_cpu_ids:2 nr_node_ids:1
[    0.000000] percpu: Embedded 45 pages/cpu s147456 r8192 d28672 u1048576
[    0.000000] PV qspinlock hash table entries: 256 (order: 0, 4096 bytes)
[    0.000000] Built 1 zonelists, mobility grouping on.  Total pages: 257913
[    0.000000] Policy zone: DMA32
[    0.000000] Kernel command line: BOOT_IMAGE=/boot/vmlinuz-4.15.0-124-generic root=LABEL=cloudimg-rootfs ro console=tty1 console=ttyS0
[    0.000000] Memory: 983032K/1048120K available (12300K kernel code, 2482K rwdata, 4272K rodata, 2436K init, 2724K bss, 65088K reserved, 0K cma-reserved)
[    0.000000] SLUB: HWalign=64, Order=0-3, MinObjects=0, CPUs=2, Nodes=1
[    0.000000] Kernel/User page tables isolation: enabled
[    0.000000] ftrace: allocating 39402 entries in 154 pages
[    0.004000] Hierarchical RCU implementation.
[    0.004000] 	RCU restricting CPUs from NR_CPUS=8192 to nr_cpu_ids=2.
[    0.004000] 	Tasks RCU enabled.
[    0.004000] RCU: Adjusting geometry for rcu_fanout_leaf=16, nr_cpu_ids=2
[    0.004000] NR_IRQS: 524544, nr_irqs: 440, preallocated irqs: 16
[    0.004000] Console: colour VGA+ 80x25
[    0.004000] console [tty1] enabled
[    0.004000] console [ttyS0] enabled
[    0.004000] ACPI: Core revision 20170831
[    0.004000] ACPI: 2 ACPI AML tables successfully acquired and loaded
[    0.004000] APIC: Switch to symmetric I/O mode setup
[    0.004000] x2apic enabled
[    0.04000] Switched APIC routing to physical x2apic.
[    0.004872] ..TIMER: vector=0x30 apic1=0 pin1=2 apic2=-1 pin2=-1
[    0.008006] tsc: Detected 1497.600 MHz processor
[    0.008618] Calibrating delay loop (skipped) preset value.. 2995.20 BogoMIPS (lpj=5990400)
[    0.009236] pid_max: default: 32768 minimum: 301
[    0.010057] Security Framework initialized
[    0.012003] Yama: becoming mindful.
[    0.012611] AppArmor: AppArmor initialized
[    0.014117] Dentry cache hash table entries: 131072 (order: 8, 1048576 bytes)
[    0.015306] Inode-cache hash table entries: 65536 (order: 7, 524288 bytes)
[    0.016010] Mount-cache hash table entries: 2048 (order: 2, 16384 bytes)
[    0.017019] Mountpoint-cache hash table entries: 2048 (order: 2, 16384 bytes)
[    0.018295] Last level iTLB entries: 4KB 0, 2MB 0, 4MB 0
[    0.020002] Last level dTLB entries: 4KB 0, 2MB 0, 4MB 0, 1GB 0
[    0.020894] Spectre V1 : Mitigation: usercopy/swapgs barriers and __user pointer sanitization
[    0.022169] Spectre V2 : Mitigation: Full generic retpoline
[    0.023002] Spectre V2 : Spectre v2 / SpectreRSB mitigation: Filling RSB on context switch
[    0.024002] Speculative Store Bypass: Vulnerable
[    0.024812] MDS: Mitigation: Clear CPU buffers
[    0.025672] Freeing SMP alternatives memory: 36K
[    0.138744] smpboot: CPU0: Intel(R) Core(TM) i7-1065G7 CPU @ 1.30GHz (family: 0x6, model: 0x7e, stepping: 0x5)
[    0.140078] Performance Events: unsupported p6 CPU model 126 no PMU driver, software events only.
[    0.144030] Hierarchical SRCU implementation.
[    0.148663] NMI watchdog: Perf event create on CPU 0 failed with -2
[    0.152006] NMI watchdog: Perf NMI watchdog permanently disabled
[    0.152772] smp: Bringing up secondary CPUs ...
[    0.156091] x86: Booting SMP configuration:
[    0.160007] .... node  #0, CPUs:      #1
[    0.004000] kvm-clock: cpu 1, msr 0:3ff44041, secondary cpu clock
[    0.164023] smp: Brought up 1 node, 2 CPUs
[    0.168016] smpboot: Max logical packages: 1
[    0.168642] smpboot: Total of 2 processors activated (5990.40 BogoMIPS)
[    0.170911] devtmpfs: initialized
[    0.172074] x86/mm: Memory block size: 128MB
[    0.176213] evm: security.selinux
[    0.180004] evm: security.SMACK64
[    0.180595] evm: security.SMACK64EXEC
[    0.181235] evm: security.SMACK64TRANSMUTE
[    0.181926] evm: security.SMACK64MMAP
[    0.182561] evm: security.apparmor
[    0.183155] evm: security.ima
[    0.184003] evm: security.capability
[    0.184684] clocksource: jiffies: mask: 0xffffffff max_cycles: 0xffffffff, max_idle_ns: 7645041785100000 ns
[    0.188008] futex hash table entries: 512 (order: 3, 32768 bytes)
[    0.189693] pinctrl core: initialized pinctrl subsystem
[    0.192120] RTC time:  7:25:02, date: 12/31/20
[    0.194091] NET: Registered protocol family 16
[    0.194926] audit: initializing netlink subsys (disabled)
[    0.196031] audit: type=2000 audit(1609399506.493:1): state=initialized audit_enabled=0 res=1
[    0.256014] cpuidle: using governor ladder
[    0.256715] cpuidle: using governor menu
[    0.260078] ACPI: bus type PCI registered
[    0.264004] acpiphp: ACPI Hot Plug PCI Controller Driver version: 0.5
[    0.265105] PCI: Using configuration type 1 for base access
[    0.268406] HugeTLB registered 2.00 MiB page size, pre-allocated 0 pages
[    0.272075] ACPI: Added _OSI(Module Device)
[    0.276013] ACPI: Added _OSI(Processor Device)
[    0.276562] ACPI: Added _OSI(3.0 _SCP Extensions)
[    0.280010] ACPI: Added _OSI(Processor Aggregator Device)
[    0.284014] ACPI: Added _OSI(Linux-Dell-Video)
[    0.285098] ACPI: Added _OSI(Linux-Lenovo-NV-HDMI-Audio)
[    0.288009] ACPI: Added _OSI(Linux-HPI-Hybrid-Graphics)
[    0.289200] ACPI: Executed 1 blocks of module-level executable AML code
[    0.295005] ACPI: Interpreter enabled
[    0.295679] ACPI: (supports S0 S5)
[    0.296005] ACPI: Using IOAPIC for interrupt routing
[    0.300330] PCI: Using host bridge windows from ACPI; if necessary, use "pci=nocrs" and report a bug
[    0.301972] ACPI: Enabled 2 GPEs in block 00 to 07
[    0.308894] ACPI: PCI Root Bridge [PCI0] (domain 0000 [bus 00-ff])
[    0.312008] acpi PNP0A03:00: _OSC: OS supports [ASPM ClockPM Segments MSI]
[    0.313137] acpi PNP0A03:00: _OSC: not requesting OS control; OS requires [ExtendedConfig ASPM ClockPM MSI]
[    0.316000] acpi PNP0A03:00: fail to add MMCONFIG information, can't access extended PCI configuration space under this bridge.
[    0.316412] PCI host bridge to bus 0000:00
[    0.320016] pci_bus 0000:00: root bus resource [io  0x0000-0x0cf7 window]
[    0.321110] pci_bus 0000:00: root bus resource [io  0x0d00-0xffff window]
[    0.324005] pci_bus 0000:00: root bus resource [mem 0x000a0000-0x000bffff window]
[    0.328004] pci_bus 0000:00: root bus resource [mem 0x40000000-0xfdffffff window]
[    0.332005] pci_bus 0000:00: root bus resource [bus 00-ff]
[    0.337579] pci 0000:00:01.1: legacy IDE quirk: reg 0x10: [io  0x01f0-0x01f7]
[    0.340008] pci 0000:00:01.1: legacy IDE quirk: reg 0x14: [io  0x03f6]
[    0.340970] pci 0000:00:01.1: legacy IDE quirk: reg 0x18: [io  0x0170-0x0177]
[    0.341907] pci 0000:00:01.1: legacy IDE quirk: reg 0x1c: [io  0x0376]
[    0.353596] pci 0000:00:07.0: quirk: [io  0x4000-0x403f] claimed by PIIX4 ACPI
[    0.354665] pci 0000:00:07.0: quirk: [io  0x4100-0x410f] claimed by PIIX4 SMB
[    0.361232] ACPI: PCI Interrupt Link [LNKA] (IRQs 5 9 10 *11)
[    0.362292] ACPI: PCI Interrupt Link [LNKB] (IRQs 5 9 *10 11)
[    0.363158] ACPI: PCI Interrupt Link [LNKC] (IRQs 5 *9 10 11)
[    0.364053] ACPI: PCI Interrupt Link [LNKD] (IRQs 5 9 10 *11)
[    0.365200] SCSI subsystem initialized
[    0.365812] pci 0000:00:02.0: vgaarb: setting as boot VGA device
[    0.365812] pci 0000:00:02.0: vgaarb: VGA device added: decodes=io+mem,owns=io+mem,locks=none
[    0.365975] pci 0000:00:02.0: vgaarb: bridge control possible
[    0.368008] vgaarb: loaded
[    0.372037] ACPI: bus type USB registered
[    0.372546] usbcore: registered new interface driver usbfs
[    0.376007] usbcore: registered new interface driver hub
[    0.376644] usbcore: registered new device driver usb
[    0.377284] EDAC MC: Ver: 3.0.0
[    0.380226] PCI: Using ACPI for IRQ routing
[    0.384122] NetLabel: Initializing
[    0.384630] NetLabel:  domain hash size = 128
[    0.385243] NetLabel:  protocols = UNLABELED CIPSOv4 CALIPSO
[    0.386037] NetLabel:  unlabeled traffic allowed by default
[    0.387787] clocksource: Switched to clocksource kvm-clock
[    0.394822] VFS: Disk quotas dquot_6.6.0
[    0.395545] VFS: Dquot-cache hash table entries: 512 (order 0, 4096 bytes)
[    0.396672] AppArmor: AppArmor Filesystem Enabled
[    0.397574] pnp: PnP ACPI init
[    0.399048] pnp: PnP ACPI: found 3 devices
[    0.407805] clocksource: acpi_pm: mask: 0xffffff max_cycles: 0xffffff, max_idle_ns: 2085701024 ns
[    0.409198] NET: Registered protocol family 2
[    0.409939] TCP established hash table entries: 8192 (order: 4, 65536 bytes)
[    0.410915] TCP bind hash table entries: 8192 (order: 5, 131072 bytes)
[    0.417580] TCP: Hash tables configured (established 8192 bind 8192)
[    0.418391] UDP hash table entries: 512 (order: 2, 16384 bytes)
[    0.419303] UDP-Lite hash table entries: 512 (order: 2, 16384 bytes)
[    0.420837] NET: Registered protocol family 1
[    0.210]ci00000. Limiting direct PCI/PCI transfers
[    0.695074] pci 0000:00:01.0: Activating ISA DMA hang workarounds
[    0.695834] pci 0000:00:02.0: Video device with shadowed ROM at [mem 0x000c0000-0x000dffff]
[    0.697117] Unpacking initramfs...

[    0.946018] Freeing initrd memory: 19216K
[    0.946693] clocksource: tsc: mask: 0xffffffffffffffff max_cycles: 0x159647815e3, max_idle_ns: 440795269835 ns
[    0.948243] platform rtc_cmos: registered platform RTC device (no PNP device found)
[    0.949775] Scanning for low memory corruption every 60 seconds
[    0.951500] Initialise system trusted keyrings
[    0.952337] Key type blacklist registered
[    0.953173] workingset: timestamp_bits=36 max_order=18 bucket_order=0
[    0.955059] zbud: loaded
[    0.956171] squashfs: version 4.0 (2009/01/31) Phillip Lougher
[    0.957341] fuse init (API version 7.26)
[    0.960006] Key type asymmetric registered
[    0.960663] Asymmetric key parser 'x509' registered
[    0.961488] Block layer SCSI generic (bsg) driver version 0.4 loaded (major 246)
[    0.962881] io scheduler noop registered
[    0.963632] io scheduler deadline registered
[    0.964515] io scheduler cfq registered (default)
[    0.965636] ACPI: AC Adapter [AC] (on-line)
[    0.966395] input: Power Button as /devices/LNXSYSTM:00/LNXPWRBN:00/input/input0
[    0.967628] ACPI: Power Button [PWRF]
[    0.990438] input: Sleep Button as /devices/LNXSYSTM:00/LNXSLPBN:00/input/input1
[    0.991321] ACPI: Sleep Button [SLPF]
[    1.031789] ACPI: Battery Slot [BAT0] (battery present)
[    1.032536] Serial: 8250/16550 driver, 32 ports, IRQ sharing enabled
[    1.089400] 00:02: ttyS0 at I/O 0x3f8 (irq = 4, base_baud = 115200) is a 16550A
[    1.091433] Linux agpgart interface v0.103
[    1.094067] loop: module loaded
[    1.299240] scsi host0: ata_piix
[    1.299772] scsi host1: ata_piix
[    1.300228] ata1: PATA max UDMA/33 cmd 0x1f0 ctl 0x3f6 bmdma 0xd000 irq 14
[    1.301021] ata2: PATA max UDMA/33 cmd 0x170 ctl 0x376 bmdma 0xd008 irq 15
[    1.301878] libphy: Fixed MDIO Bus: probed
[    1.302415] tun: Universal TUN/TAP device driver, 1.6
[    1.303052] PPP generic driver version 2.4.2
[    1.303600] ehci_hcd: USB 2.0 'Enhanced' Host Controller (EHCI) Driver
[    1.304372] ehci-pci: EHCI PCI platform driver
[    1.304932] ehci-platform: EHCI generic platform driver
[    1.305551] ohci_hcd: USB 1.1 'Open' Host Controller (OHCI) Driver
[    1.306269] ohci-pci: OHCI PCI platform driver
[    1.306809] ohci-platform: OHCI generic platform driver
[    1.307427] uhci_hcd: USB Universal Host Controller Interface driver
[   113308221] i8042: PNP:PP//2 Controller [PNP0303:PS2K,PNP0f03:PS2M] at 0x60,0x64 irq 1,12
[    1.829249] serio: i8042 KBD port at 0x60,0x64 irq 1
[    1.829973] serio: i8042 AUX port at 0x60,0x64 irq 12
[    1.830682] mousedev: PS/2 mouse device common for all mice
[    1.831551] input: AT Translated Set 2 keyboard as /devices/platform/i8042/serio0/input/input2
[    1.832878] rtc_cmos rtc_cmos: rtc core: registered rtc_cmos as rtc0
[    1.833662] rtc_cmos rtc_cmos: alarms up to one day, 114 bytes nvram
[    1.839046] i2c /dev entries driver
[    1.839546] device-mapper: uevent: version 1.0.3
[    1.840162] device-mapper: ioctl: 4.37.0-ioctl (2017-09-20) initialised: dm-devel@redhat.com
[    1.841221] ledtrig-cpu: registered to indicate activity on CPUs
[    1.959161] NET: Registered protocol family 10
[    1.981690] Segment Routing with IPv6
[    1.998798] NET: Registered protocol family 17
[    1.999428] Key type dns_resolver registered
[    2.018938] mce: Using 0 MCE banks
[    2.019388] RAS: Correctable Errors collector initialized.
[    2.020159] sched_clock: Marking stable (2018874473, 0)->(3568253589, -1549379116)
[    2.021524] registered taskstats version 1
[    2.022120] Loading compiled-in X.509 certificates
[    2.024764] Loaded X.509 cert 'Build time autogenerated kernel key: be62403dcace2d46f96dafa9f42421c610ef3c2a'
[    2.048507] zswap: loaded using pool lzo/zbud
[    2.051666] Key type big_key registered
[    2.052288] Key type trusted registered
[    2.060106] Key type encrypted registered
[    2.060739] AppArmor: AppArmor sha1 policy hashing enabled
[    2.061475] ima: No TPM chip found, activating TPM-bypass! (rc=-19)
[    2.062315] ima: Allocated hash algorithm: sha1
[    2.062957] evm: HMAC attrs: 0x1
[    2.063612]   Magic number: 0:483:421
[    2.064283] rtc_cmos rtc_cmos: setting system clock to 2020-12-31 07:25:04 UTC (1609399504)
[    2.065524] BIOS EDD facility v0.16 2004-Jun-25, 0 devices found
[    2.066350] EDD information not available.
[    2.068691] Freeing unused kernel image memory: 2436K
[    2.084222] Write protecting the kernel read-only data: 20480k
[    2.089426] Freeing unused kernel image memory: 2008K
[    2.358918] Freeing unused kernel image memory: 1872K
[    2.442608] x86/mm: Checked W+X mappings: passed, no W+X pages found.
[    2.443414] x86/mm: Checking user space page tables
[    2.447713] x86/mm: Checked W+X mappings: passed, no W+X pages found.
Loading, please wait...
starting version 237
[    2.505900] e1000: Intel(R) PRO/1000 Network Driver - version 7.3.21-k8-NAPI
[    2.618913] e1000: Copyright (c) 1999-2006 Intel Corporation.
[    2.623729] Fusion MPT base driver 3.04.20
[    2.736376] Copyright (c) 1999-2008 LSI Corporation
[    2.743035] Fusion MPT SPI Host driver 3.04.20
[    2.869995] AVX2 version of gcm_enc/dec engaged.
[    2.871053] AES CTR mode by8 optimization enabled
[    2.953560] input: ImExPS/2 Generic Explorer Mouse as /devices/platform/i8042/serio1/input/input4
[    3.174315] e1000 0000:00:03.0 eth0: (PCI:33MHz:32-bit) 02:60:71:1d:34:36
[    3.175310] e1000 0000:00:03.0 eth0: Intel(R) PRO/1000 Network Connection
[    3.176957] mptbase: ioc0: Initiating bringup
[    3.272464] ioc0: LSI53C1030 A0: Capabilities={Initiator}
[    3.792393] scsi host2: ioc0: LSI53C1030 A0, FwRev=00000000h, Ports=1, MaxQ=256, IRQ=20
[    3.965105] scsi 2:0:0:0: Direct-Access     VBOX     HARDDISK         1.0  PQ: 0 ANSI: 5
[    4.292183] scsi target2:0:0: Beginning Domain Validation
[    4.319678] e1000 0000:00:08.0 eth1: (PCI:33MHz:32-bit) 08:00:27:34:1b:59
[    4.329392] scsi target2:0:0: Domain Validation skipping write tests
[    4.329801] e1000 0000:00:08.0 eth1: Intel(R) PRO/1000 Network Connection
[    4.338449] scsi target2:0:0: Ending Domain Validation
[    4.338488] scsi target2:0:0: asynchronous
[    4.599248] e1000 0000:00:08.0 enp0s8: renamed from eth1
[    4.638080] scsi 2:0:1:0: Direct-Access     VBOX     HARDDISK         1.0  PQ: 0 ANSI: 5
[    4.652584] e1000 0000:00:03.0 enp0s3: renamed from eth0
[    4.712156] scsi target2:0:1: Beginning Domain Validation
[    4.729401] random: fast init done
[    4.827728] random: systemd-udevd: uninitialized urandom read (16 bytes read)
[    4.827730] random: systemd-udevd: uninitialized urandom read (16 bytes read)
[    4.828109] random: systemd-udevd: uninitialized urandom read (16 bytes read)
[    4.920712] scsi target2:0:1: Domain Validation skipping write tests
[    4.921779] scsi target2:0:1: Ending Domain Validation
[    4.922797] scsi target2:0:1: asynchronous
[    4.928588] sd 2:0:0:0: Attached scsi generic sg0 type 0
[    4.929619] sd 2:0:0:0: [sda] 20971520 512-byte logical blocks: (10.7 GB/10.0 GiB)
[    4.930976] sd 2:0:0:0: [sda] Write Protect is off
[    4.931904] sd 2:0:0:0: [sda] Incomplete mode parameter data
[    4.932860] sd 2:0:0:0: [sda] Assuming drive cache: write through
[    4.939187] sd 2:0:1:0: Attached scsi generic sg1 type 0
[    4.939990] sd 2:0:1:0: [sdb] 20480 512-byte logical blocks: (10.5 MB/10.0 MiB)
[    4.941175] sd 2:0:1:0: [sdb] Write Protect is off
[    4.942443] sd 2:0:1:0: [sdb] Incomplete mode parameter data
[    4.951842] sd 2:0:1:0: [sdb] Assuming drive cache: write through
[    4.951900]  sda: sda1
[    4.959624] sd 2:0:0:0: [sda] Attached SCSI disk
[    4.960318] sd 2:0:1:0: [sdb] Attached SCSI disk
Begin: Loading essential drivers ... [    6.328143] raid6: sse2x1   gen() 15177 MB/s
[    6.465177] raid6: sse2x1   xor()  9286 MB/s
[    6.517698] raid6: sse2x2   gen() 21437 MB/s
[    6.567876] raid6: sse2x2   xor() 13780 MB/s
[    6.797741] raid6: sse2x4   gen() 20940 MB/s
[    6.867787] raid6: sse2x4   xor() 12501 MB/s
[    6.967766] raid6: avx2x1   gen() 28243 MB/s
[    7.137638] raid6: avx2x1   xor() 12230 MB/s
[    7.227796] raid6: avx2x2   gen() 32072 MB/s
[    7.367683] raid6: avx2x2   xor() 22862 MB/s
[    7.437685] raid6: avx2x4   gen() 31402 MB/s
[    7.487757] raid6: avx2x4   xor() 20516 MB/s
[    7.488457] raid6: using algorithm avx2x2 gen() 32072 MB/s
[    7.489262] raid6: .... xor() 22862 MB/s, rmw enabled
[    7.490118] raid6: using avx2x2 recovery algorithm
[    7.492555] xor: automatically using best checksumming function   avx       
[    7.495361] async_tx: api initialized (async)
done.
Begin: Running /scripts/init-premount ... done.
Begin: Mounting root file system ... Begin: Running /scripts/local-top ... done.
Begin: Running /scripts/local-premount ... [    7.537375] Btrfs loaded, crc32c=crc32c-intel
Scanning for Btrfs filesystems
done.
Warning: fsck not present, so skipping root file system
[    7.560922] EXT4-fs (sda1): mounted filesystem with ordered data mode. Opts: (null)
done.
Begin: Running /scripts/local-bottom ... done.
Begin: Running /scripts/init-bottom ... done.
[    7.691569] ip_tables: (C) 2000-2006 Netfilter Core Team
[    7.697674] systemd[1]: systemd 237 running in system mode. (+PAM +AUDIT +SELINUX +IMA +APPARMOR +SMACK +SYSVINIT +UTMP +LIBCRYPTSETUP +GCRYPT +GNUTLS +ACL +XZ +LZ4 +SECCOMP +BLKID +ELFUTILS +KMOD -IDN2 +IDN -PCRE2 default-hierarchy=hybrid)
[    7.701022] systemd[1]: Detected virtualization oracle.
[    8.009320] systemd[1]: Detected architecture x86-64.

Welcome to [1mUbuntu 18.04.5 LTS[0m!

[    8.044056] systemd[1]: Set hostname to <ubuntu>.
[    8.046745] systemd[1]: Initializing machine ID from random generator.
[    8.047856] systemd[1]: Installed transient /etc/machine-id file.
[    8.244790] systemd[1]: Created slice User and Session Slice.
[[0;32m  OK  [0m] Created slice User and Session Slice.
[    8.262424] systemd[1]: Reached target User and Group Name Lookups.
[[0;32m  OK  [0m] Reached target User and Group Name Lookups.
[    8.264429] systemd[1]: Started Forward Password Requests to Wall Directory Watch.
[[0;32m  OK  [0m] Started Forward Password Requests to Wall Directory Watch.
[    8.267005] systemd[1]: Set up automount Arbitrary Executable File Formats File System Automount Point.
[[0;32m  OK  [0m] Set up automount Arbitrary Executabâ€¦rmats File System Automount Point.
[[0;32m  OK  [0m] Reached target Swap.
[[0;32m  OK  [0m] Reached target System Time Synchronized.
[[0;32m  OK  [0m] Created slice System Slice.
[[0;32m  OK  [0m] Listening on Network Service Netlink Socket.
[[0;32m  OK  [0m] Created slice system-serial\x2dgetty.slice.
[[0;32m  OK  [0m] Listening on udev Control Socket.
[[0;32m  OK  [0m] Listening on Syslog Socket.
[[0;32m  OK  [0m] Listening on /dev/initctl Compatibility Named Pipe.
[[0;32m  OK  [0m] Reached target Slices.
[[0;32m  OK  [0m] Listening on LVM2 poll daemon socket.
[[0;32m  OK  [0m] Listening on Journal Socket.
         Starting Load Kernel Modules...
         Starting Uncomplicated firewall...
         Starting Create list of required stâ€¦ce nodes for the current kernel...
         Starting Remount Root and Kernel File Systems...
[[0;32m  OK  [0m] Listening on Journal Audit Socket.
         Starting Set the console keyboard layout...
[[0;32m  OK  [0m] Listening on LVM2 metadata daemon socket.
[[0;32m  OK  [0m] Listening on udev Kernel Socket.
         Starting udev Coldplug all Devices...
[[0;32m  OK  [0m] Listening on Device-mapper event daemon FIFOs.
         Starting Monitoring of LVM2 mirrorsâ€¦ng dmeventd or progress polling...
         Mounting Kernel Debug File System...
         Mounting POSIX Message Queue File System...
[    8.331973] Loading iSCSI transport class v2.0-870.
         Mounting Huge Pages File System...
[[0;32m  OK  [0m] Listening on Journal Socket (/dev/log).
         Starting Journal Service...
[    8.340636] iscsi: registered transport (tcp)
[    8.354956] iscsi: registered transport (iser)
[[0;32m  OK  [0m] Started Load Kernel Modules.
         Starting Apply Kernel Variables...
         Mounting Kernel Configuration File System...
         Mounting FUSE Control File System...
[[0;32m  OK  [0m] Started Uncomplicated firewall.
[[0;32m  OK  [0m] Started Create list of required staâ€¦vice nodes for the current kernel.
         Starting Create Static Device Nodes in /dev...
[[0;32m  OK  [0m] Started LVM2 metadata daemon.
[[0;32m  OK  [0m] Started udev Coldplug all Devices.
[[0;32m  OK  [0m] Started Journal Service.
[[0;32m  OK  [0m] Started Create Static Device Nodes in /dev.
[[0;32m  OK  [0m] Started Remount Root and Kernel File Systems.
[[0;32m  OK  [0m] Mounted Kernel Debug File System.
[[0;32m  OK  [0m] Started Monitoring of LVM2 mirrors,â€¦sing dmeventd or progress polling.
[[0;32m  OK  [0m] Mounted POSIX Message Queue File System.
[[0;32m  OK  [0m] Mounted Huge Pages File System.
[[0;32m  OK  [0m] Started Apply Kernel Variables.
[[0;32m  OK  [0m] Mounted Kernel Configuration File System.
[[0;32m  OK  [0m] Mounted FUSE Control File System.
         Starting Load/Save Random Seed...
         Starting Flush Journal to Persistent Storage...
         Starting udev Kernel Device Manager...
[[0;32m  OK  [0m] Started Load/Save Random Seed.
[[0;32m  OK  [0m] Started udev Kernel Device Manager.
[[0;32m  OK  [0m] Started Flush Journal to Persistent Storage.
[[0;32m  OK  [0m] Found device /dev/ttyS0.
[[0;32m  OK  [0m] Listening on Load/Save RF Kill Switch Status /dev/rfkill Watch.
[[0;32m  OK  [0m] Started Set the console keyboard layout.
[[0;32m  OK  [0m] Reached target Local File Systems (Pre).
[[0;32m  OK  [0m] Reached target Local File Systems.
         Starting ebtables ruleset management...
         Starting Commit a transient machine-id on disk...
         Starting Create Volatile Files and Directories...
         Starting Tell Plymouth To Write Out Runtime Data...
         Starting AppArmor initialization...
         Starting Set console font and keymap...
[[0;32m  OK  [0m] Started Dispatch Password Requests to Console Directory Watch.
[[0;32m  OK  [0m] Reached target Local Encrypted Volumes.
[[0;32m  OK  [0m] Started Tell Plymouth To Write Out Runtime Data.
[[0;32m  OK  [0m] Started Set console font and keymap.
[[0;32m  OK  [0m] Started Create Volatile Files and Directories.
         Starting Update UTMP about System Boot/Shutdown...
[[0;32m  OK  [0m] Started Update UTMP about System Boot/Shutdown.
[[0;32m  OK  [0m] Started Commit a transient machine-id on disk.
[[0;32m  OK  [0m] Started ebtables ruleset management.
[[0;32m  OK  [0m] Started AppArmor initialization.
         Starting Initial cloud-init job (pre-networking)...
         Starting Load AppArmor profiles managed internally by snapd...
[[0;32m  OK  [0m] Started Load AppArmor profiles managed internally by snapd.
[   10.842895] cloud-init[678]: Cloud-init v. 20.3-2-g371b392c-0ubuntu1~18.04.1 running 'init-local' at Thu, 31 Dec 2020 07:25:12 +0000. Up 10.54 seconds.
[[0;32m  OK  [0m] Started Initial cloud-init job (pre-networking).
[[0;32m  OK  [0m] Reached target Network (Pre).
         Starting Network Service...
[[0;32m  OK  [0m] Started Network Service.
         Starting Network Name Resolution...
         Starting Wait for Network to be Configured...
[[0;32m  OK  [0m] Started Network Name Resolution.
[[0;32m  OK  [0m] Reached target Network.
[[0;32m  OK  [0m] Reached target Host and Network Name Lookups.
[[0;32m  OK  [0m] Started Wait for Network to be Configured.
         Starting Initial cloud-init job (metadata service crawler)...
[   13.178536] cloud-init[817]: Cloud-init v. 20.3-2-g371b392c-0ubuntu1~18.04.1 running 'init' at Thu, 31 Dec 2020 07:25:15 +0000. Up 13.07 seconds.
[   13.198910] cloud-init[817]: ci-info: ++++++++++++++++++++++++++++++++++++++Net device info+++++++++++++++++++++++++++++++++++++++
[   13.207823] cloud-init[817]: ci-info: +--------+-------+----------------------------+---------------+--------+-------------------+
[   13.209252] cloud-init[817]: ci-info: | Device |   Up  |          Address           |      Mask     | Scope  |     Hw-Address    |
[   13.210892] cloud-init[817]: ci-info: +--------+-------+----------------------------+---------------+--------+-------------------+
[   13.212420] cloud-init[817]: ci-info: | enp0s3 |  True |         10.0.2.15          | 255.255.255.0 | global | 02:60:71:1d:34:36 |
[   13.214407] cloud-init[817]: ci-info: | enp0s3 |  True | fe80::60:71ff:fe1d:3436/64 |       .       |  link  | 02:60:71:1d:34:36 |
[   13.216738] cloud-init[817]: ci-info: | enp0s8 | False |             .              |       .       |   .    | 08:00:27:34:1b:59 |
[   13.218402] cloud-init[817]: ci-info: |   lo   |  True |         127.0.0.1          |   255.0.0.0   |  host  |         .         |
[   13.221651] cloud-init[817]: ci-info: |   lo   |  True |          ::1/128           |       .       |  host  |         .         |
[   13.222894] cloud-init[817]: ci-info: +--------+-------+----------------------------+---------------+--------+-------------------+
[   13.228395] cloud-init[817]: ci-info: ++++++++++++++++++++++++++++Route IPv4 info+++++++++++++++++++++++++++++
[   13.229425] cloud-init[817]: ci-info: +-------+-------------+----------+-----------------+-----------+-------+
[   13.237243] cloud-init[817]: ci-info: | Route | Destination | Gateway  |     Genmask     | Interface | Flags |
[   13.238170] cloud-init[817]: ci-info: +-------+-------------+----------+-----------------+-----------+-------+
[   13.239052] cloud-init[817]: ci-info: |   0   |   0.0.0.0   | 10.0.2.2 |     0.0.0.0     |   enp0s3  |   UG  |
[   13.239967] cloud-init[817]: ci-info: |   1   |   10.0.2.0  | 0.0.0.0  |  255.255.255.0  |   enp0s3  |   U   |
[   13.242479] cloud-init[817]: ci-info: |   2   |   10.0.2.2  | 0.0.0.0  | 255.255.255.255 |   enp0s3  |   UH  |
[   13.243445] cloud-init[817]: ci-info: +-------+-------------+----------+-----------------+-----------+-------+
[   13.244540] cloud-init[817]: ci-info: +++++++++++++++++++Route IPv6 info+++++++++++++++++++
[   13.245676] cloud-init[817]: ci-info: +-------+-------------+---------+-----------+-------+
[   13.280318] cloud-init[817]: ci-info: | Route | Destination | Gateway | Interface | Flags |
[   13.339353] cloud-init[817]: ci-info: +-------+-------------+---------+-----------+-------+
[   13.344612] cloud-init[817]: ci-info: |   1   |  fe80::/64  |    ::   |   enp0s3  |   U   |
[   13.346827] cloud-init[817]: ci-info: |   3   |    local    |    ::   |   enp0s3  |   U   |
[   13.349460] cloud-init[817]: ci-info: |   4   |   ff00::/8  |    ::   |   enp0s3  |   U   |
[   13.352690] cloud-init[817]: ci-info: +-------+-------------+---------+-----------+-------+
[   13.790602] cloud-init[817]: Generating public/private rsa key pair.
[[0;32m  OK  [0m] Started Initial cloud-init job (metadata service crawler).
[   13.834808] cloud-init[[0;32m  OK  [0m] Reached target System Initialization.
[817]: Your identification has been saved in /etc/ssh/ssh_host_rsa_key.
[[0;32m  OK  [0m] Started Message of the Day.
[   13.838911] [[0;32m  OK  [0m] Listening on Open-iSCSI iscsid Socket.
cloud-init[817]: Your public key has been saved in /etc/ssh/ssh_host_rsa_key.pub.
[   13.840430] cloud-init[817]: The key fingerprint is:[[0;32m  OK  [0m] Started ACPI Events Check.
[[0;32m  OK  [0m] Reached target Paths.
[[0;32m  OK  [0m] Started Daily Cleanup of Temporary Directories.

[[0;32m  OK  [0m] Listening on D-Bus System Message Bus Socket.
[[0;32m  OK  [0m] Started Discard unused blocks once a week.
[[0;32m  OK  [0m] Listening on ACPID Listen Socket.
[[0;32m  OK  [0m] Listening on UUID daemon activation socket.
[   13.843336] cloud-init[817]: SHA256:uf9GSv//+MpjUSh19Xp1vAI65AJ7/w+RDzooM2oWHJM root@ubuntu-bionic
         Starting LXD - unix socket.
[   13.856602] cloud-init[817]: The key's randomart image is:         Starting Socket activation for snappy daemon.
[[0;32m  OK  [0m] Started Daily apt download activities.
[[0;32m  OK  [0m] Started Daily apt upgrade and clean activities.
[[0;32m  OK  [0m] Reached target Timers.
[[0;32m  OK  [0m] Reached target Cloud-config availability.
[[0;32m  OK  [0m] Reached target Network is Online.
         Starting Availability of block devices...
[[0;32m  OK  [0m] Reached target Remote File Systems (Pre).
[[0;32m  OK  [0m] Reached target Remote File Systems.
[[0;32m  OK  [0m] Listening on LXD - unix socket.
[[0;32m  OK  [0m] Listening on Socket activation for snappy daemon.
[[0;32m  OK  [0m] Reached target Sockets.
[[0;32m  OK  [0m] Reached target Basic System.
[[0;32m  OK  [0m] Started Deferred execution scheduler.

[   13.873294] cloud-init         Starting Accounts Service...
[817]: +---[RSA 2048]----+
[   13.877557] cloud-init[817]: |                o|
[   13.879764] cloud-init[817]: |              ..o|
         Starting Pollinate to seed the pseudo random number generator...
[   13.901866] cloud-init[817]: |    ..   . . . o=|
         Starting Virtualbox guest utils...
[   13.935885] cloud-init[817]: |   E  o o.. + ..=|
[   13.936734]          Starting LXD - container startup/shutdown...
cloud-init[817]:          Starting Permit User Sessions...
[[0;32m  OK  [0m] Started D-Bus System Message Bus.
|  . o. oS+ + o.o.|
[   13.956835] cloud-init[817]: |   o  . +.+ = o. |
[   13.958903] cloud-init[817]: |    .+ ..= = . . |
[   13.964655] cloud-init[817]: |   o. +  .+ +.o. |
[   13.966778] cloud-init[817]:          Starting LSB: automatic crash report generation...
|  o.      .+o+===|
[   13.969310] cloud-init[817]: +----[SHA256]-----+
[   13.970616] cloud-init[817]: Generating public/private dsa key pair.
[   13.973401] cloud-init[817]: Your identification has been saved in /etc/ssh/ssh_host_dsa_key.
[   13.977283] cloud-init[817]: Your public key has been saved in /etc/ssh/ssh_host_dsa_key.pub.
[   13.981001] cloud-init[817]: The key fingerprint is:
[   13.982144] cloud-init[817]: SHA256:PwfuFpqeZiisuyHdN++JNHo5GYmAPJcqIN7/+rWrgIo root@ubuntu-bionic
[   13.985926] cloud-init[817]: The key's randomart image is:
[   13.987326] cloud-init[817]: +---[DSA 1024]----+
[   13.988676] cloud-init[817]: |                 |
[   13.989980] cloud-init[817]: |                 |
[   13.993479] cloud-init[817]: |..  .            |
[   13.994641] cloud-init[817]: |+o.o             |
[   13.995838] cloud-init[817]: |+ =. . .S .      |
[   13.997147] cloud-init[817]: |.+ oo o  o..     |
[   13.998218] cloud-init[817]: |o ooo.== ++..    |
[   13.999274] cloud-init[817]: |....o=B=*+oo     |
[   14.000911] cloud-init[817]: |E.++.+=XB+o      |
[   14.002429] cloud-init[817]: +----[SHA256]-----+
[   14.004889] cloud-init[817]: Generating public/private ecdsa key pair.
[   14.009664] cloud-init[817]: Your identification has been saved in /etc/ssh/ssh_host_ecdsa_key.
[   14.012306] cloud-init[817]: Your public key has been saved in /etc/ssh/ssh_host_ecdsa_key.pub.
[   14.014666] cloud-init[817]: The key fingerprint is:
[   14.016397] cloud-init[817]: SHA256:6j1COrb+XFrotytowMqPueANV5OOp4/bHxCsB7AzsWw root@ubuntu-bionic
[   14.018606] cloud-init[817]: The key's randomart image is:
[   14.020236] cloud-init[817]: +---[ECDSA 256]---+
[   14.021589] cloud-init[817]: | o               |
[   14.022963] cloud-init[817]: |. = .            |
[   14.041679] cloud-init[817]: | E . o           |
[   14.043071] cloud-init[817]: |. o o o          |
[   14.044619] cloud-init[817]: | . . *  S        |
[   14.048064] cloud-init[817]: |  o = +o         |
[   14.052188] cloud-init[817]: |oo + *o.o        |
[   14.056602] cloud-init[817]: |+.* @+o=+        |
[   14.057212] cloud-init[817]: | =oX=*B=++       |
[   14.057848] cloud-init[817]: +----[SHA256]-----+
[   14.058669] cloud-init[817]: Generating public/private ed25519 key pair.
[   14.059954] cloud-init[817]: Your identification has been saved in /etc/ssh/ssh_host_ed25519_key.
[[0;32m  OK  [0m] Started irqbalance daemon.
[   14.065178] cloud-init[817]: Your public key has been saved in /etc/ssh/ssh_host_ed25519_key.pub.
         Starting LSB: Record successful boot for GRUB...
         Starting System Logging Service...
[   14.081573] cloud-init[817]: The key fingerprint is:
[   14.087315] cloud-init[817]: SHA256:9JvjU9qcJXz1P1Ken9yghEmV+8aWW1NxFRDJNvpBSDY root@ubuntu-bionic
[   14.088854] cloud-init[817]: The key's randomart image is:
[   14.089761] cloud-init[817]: +--[ED25519 256]--+
[   14.090591] cloud-init[817]: |          .Eoo+.o|
[   14.091385] cloud-init[817]: |          ...B  .|
[   14.092181] cloud-init[817]: |        .   * ...|
[   14.093003] cloud-init[817]: |       . . o o  +|
[   14.093901] cloud-init[817]: |        S o.o ..o|
[   14.094788] cloud-init[817]: |         . =++ooo|
[   14.095652] cloud-init[817]: |          *=.=X.+|
[   14.097315] cloud-init[817]: |         .oo+=.B=|
[   14.098624] cloud-init[817]: |          ... oo=|
[   14.099478] cloud-init[817]: +----[SHA256]-----+
         Starting Dispatcher daemon for systemd-networkd...
[[0;32m  OK  [0m] Started FUSE filesystem for LXC.
         Starting Login Service...
[[0;32m  OK  [0m] Started Regular background program processing daemon.
         Starting Snap Daemon...
[[0;32m  OK  [0m] Started System Logging Service.
[[0;32m  OK  [0m] Started Availability of block devices.
[[0;32m  OK  [0m] Started LXD - container startup/shutdown.
[[0;32m  OK  [0m] Started Permit User Sessions.
[[0;32m  OK  [0m] Started Dispatcher daemon for systemd-networkd.
[[0;32m  OK  [0m] Started Login Service.
[[0;32m  OK  [0m] Started Unattended Upgrades Shutdown.
         Starting Authorization Manager...
         Starting Terminate Plymouth Boot Screen...
         Starting Hold until boot process finishes up...
[[0;32m  OK  [0m] Started Hold until boot process finishes up.
[[0;32m  OK  [0m] Started Terminate Plymouth Boot Screen.
[[0;32m  OK  [0m] Started Serial Getty on ttyS0.
         Starting Set console scheme...
[[0;32m  OK  [0m] Started LSB: automatic crash report generation.
[[0;32m  OK  [0m] Started LSB: Record successful boot for GRUB.
[[0;32m  OK  [0m] Started Virtualbox guest utils.
[[0;32m  OK  [0m] Started Set console scheme.
[[0;32m  OK  [0m] Started Authorization Manager.
[[0;32m  OK  [0m] Started Accounts Service.
[[0;32m  OK  [0m] Created slice system-getty.slice.
[[0;32m  OK  [0m] Started Getty on tty1.
[[0;32m  OK  [0m] Reached target Login Prompts.
[[0;32m  OK  [0m] Started Snap Daemon.
         Starting Wait until snapd is fully seeded...
[[0;32m  OK  [0m] Started Pollinate to seed the pseudo random number generator.
         Starting OpenBSD Secure Shell server...
[[0;32m  OK  [0m] Started OpenBSD Secure Shell server.
[[0;32m  OK  [0m] Created slice User Slice of vagrant.
         Starting User Manager for UID 1000...
[[0;32m  OK  [0m] Started Session 1 of user vagrant.
[[0;32m  OK  [0m] Started User Manager for UID 1000.
[[0;32m  OK  [0m] Started Wait until snapd is fully seeded.
[[0;32m  OK  [0m] Reached target Multi-User System.
[[0;32m  OK  [0m] Reached target Graphical Interface.
         Starting Update UTMP about System Runlevel Changes...
         Starting Apply the settings specified in cloud-config...
[[0;32m  OK  [0m] Started Update UTMP about System Runlevel Changes.
[   19.516118] cloud-init[1362]: Cloud-init v. 20.3-2-g371b392c-0ubuntu1~18.04.1 running 'modules:config' at Thu, 31 Dec 2020 07:25:21 +0000. Up 18.67 seconds.
ci-info: no authorized SSH keys fingerprints found for user ubuntu.
<14>Dec 31 07:25:22 ec2: 
<14>Dec 31 07:25:22 ec2: #############################################################
<14>Dec 31 07:25:22 ec2: -----BEGIN SSH HOST KEY FINGERPRINTS-----
<14>Dec 31 07:25:22 ec2: 1024 SHA256:PwfuFpqeZiisuyHdN++JNHo5GYmAPJcqIN7/+rWrgIo root@ubuntu-bionic (DSA)
<14>Dec 31 07:25:22 ec2: 256 SHA256:6j1COrb+XFrotytowMqPueANV5OOp4/bHxCsB7AzsWw root@ubuntu-bionic (ECDSA)
<14>Dec 31 07:25:22 ec2: 256 SHA256:9JvjU9qcJXz1P1Ken9yghEmV+8aWW1NxFRDJNvpBSDY root@ubuntu-bionic (ED25519)
<14>Dec 31 07:25:22 ec2: 2048 SHA256:uf9GSv//+MpjUSh19Xp1vAI65AJ7/w+RDzooM2oWHJM root@ubuntu-bionic (RSA)
<14>Dec 31 07:25:22 ec2: -----END SSH HOST KEY FINGERPRINTS-----
<14>Dec 31 07:25:22 ec2: #############################################################
-----BEGIN SSH HOST KEY KEYS-----
ecdsa-sha2-nistp256 AAAAE2VjZHNhLXNoYTItbmlzdHAyNTYAAAAIbmlzdHAyNTYAAABBBIEpZjBt66fvhyJirRZMnG3H75ltqK5gv3HvNJRv9cNvO0h73eOeWjE2qGv5U3QLjOPyeeA3RFkE/PaDJMoWHAk= root@ubuntu-bionic
ssh-ed25519 AAAAC3NzaC1lZDI1NTE5AAAAIOhn43MVrks9/Xb03TXt+SucIOBWqrLd5QyhRxg8tiSY root@ubuntu-bionic
ssh-rsa AAAAB3NzaC1yc2EAAAADAQABAAABAQDHYT9R0lqcD3P3wMloTf+F9kj3lVs1nRjB1p1uv4yIK5TMVtSljuFVrXkLlm8btWp4E4NkOQ+XvZ5kDe603wr07wQL4dCsNmmlmbGn/qu1LUQviZeRjS5usTeI9KfaKjPx/sHeABMTnPTic7MUddKB4zc/7IsQ6q2kh3SrHYBa+MF2NUmTBGzDR2V+wBlM+7xsPrI5dMp4OXi2c75FRF2nQ4kgI2o3TXJ8bvT4fpVtR07rDRMuPl1wXj00XeM+YPlQLEUbhqWVaTzVOWRYHa1uA3GbGlYcgWMmGItTh7cqKrIw4JNYPr3dBlqMvVhT2krJ/C3Z/pfrnXjuj6mLdZI7 root@ubuntu-bionic
-----END SSH HOST KEY KEYS-----
[   20.007296] cloud-init[1498]: Cloud-init v. 20.3-2-g371b392c-0ubuntu1~18.04.1 running 'modules:final' at Thu, 31 Dec 2020 07:25:22 +0000. Up 19.85 seconds.
[   20.007409] cloud-init[1498]: ci-info: no authorized SSH keys fingerprints found for user ubuntu.
[   20.007505] cloud-init[1498]: Cloud-init v. 20.3-2-g371b392c-0ubuntu1~18.04.1 finished at Thu, 31 Dec 2020 07:25:22 +0000. Datasource DataSourceNoCloud [seed=/dev/sdb][dsmode=net].  Up 19.99 seconds

Ubuntu 18.04.5 LTS ubuntu-bionic ttyS0

ubuntu-bionic login: 